Archive member included to satisfy reference by file (symbol)

C:\Users\andre.DESKTOP-IURN3DR\AppData\Local\arduino15\packages\Intel\hardware\arc32\1.0.6\variants\arduino_101\libarc32drv_arduino101.a(c_init.o)
                              (--whole-archive)
C:\Users\andre.DESKTOP-IURN3DR\AppData\Local\arduino15\packages\Intel\hardware\arc32\1.0.6\variants\arduino_101\libarc32drv_arduino101.a(interrupt.o)
                              (--whole-archive)
C:\Users\andre.DESKTOP-IURN3DR\AppData\Local\arduino15\packages\Intel\hardware\arc32\1.0.6\variants\arduino_101\libarc32drv_arduino101.a(version.o)
                              (--whole-archive)
C:\Users\andre.DESKTOP-IURN3DR\AppData\Local\arduino15\packages\Intel\hardware\arc32\1.0.6\variants\arduino_101\libarc32drv_arduino101.a(arcv2_timer0.o)
                              (--whole-archive)
C:\Users\andre.DESKTOP-IURN3DR\AppData\Local\arduino15\packages\Intel\hardware\arc32\1.0.6\variants\arduino_101\libarc32drv_arduino101.a(ipc_uart_ns16550.o)
                              (--whole-archive)
C:\Users\andre.DESKTOP-IURN3DR\AppData\Local\arduino15\packages\Intel\hardware\arc32\1.0.6\variants\arduino_101\libarc32drv_arduino101.a(ns16550.o)
                              (--whole-archive)
C:\Users\andre.DESKTOP-IURN3DR\AppData\Local\arduino15\packages\Intel\hardware\arc32\1.0.6\variants\arduino_101\libarc32drv_arduino101.a(soc_gpio.o)
                              (--whole-archive)
C:\Users\andre.DESKTOP-IURN3DR\AppData\Local\arduino15\packages\Intel\hardware\arc32\1.0.6\variants\arduino_101\libarc32drv_arduino101.a(ss_dw_i2c.o)
                              (--whole-archive)
C:\Users\andre.DESKTOP-IURN3DR\AppData\Local\arduino15\packages\Intel\hardware\arc32\1.0.6\variants\arduino_101\libarc32drv_arduino101.a(ss_gpio_iface.o)
                              (--whole-archive)
C:\Users\andre.DESKTOP-IURN3DR\AppData\Local\arduino15\packages\Intel\hardware\arc32\1.0.6\variants\arduino_101\libarc32drv_arduino101.a(ss_i2c_iface.o)
                              (--whole-archive)
C:\Users\andre.DESKTOP-IURN3DR\AppData\Local\arduino15\packages\Intel\hardware\arc32\1.0.6\variants\arduino_101\libarc32drv_arduino101.a(cfw_platform.o)
                              (--whole-archive)
C:\Users\andre.DESKTOP-IURN3DR\AppData\Local\arduino15\packages\Intel\hardware\arc32\1.0.6\variants\arduino_101\libarc32drv_arduino101.a(nordic_interface.o)
                              (--whole-archive)
C:\Users\andre.DESKTOP-IURN3DR\AppData\Local\arduino15\packages\Intel\hardware\arc32\1.0.6\variants\arduino_101\libarc32drv_arduino101.a(ble_service_gap_api.o)
                              (--whole-archive)
C:\Users\andre.DESKTOP-IURN3DR\AppData\Local\arduino15\packages\Intel\hardware\arc32\1.0.6\variants\arduino_101\libarc32drv_arduino101.a(ble_service_gatts_api.o)
                              (--whole-archive)
C:\Users\andre.DESKTOP-IURN3DR\AppData\Local\arduino15\packages\Intel\hardware\arc32\1.0.6\variants\arduino_101\libarc32drv_arduino101.a(ble_service_utils.o)
                              (--whole-archive)
C:\Users\andre.DESKTOP-IURN3DR\AppData\Local\arduino15\packages\Intel\hardware\arc32\1.0.6\variants\arduino_101\libarc32drv_arduino101.a(cfw_debug.o)
                              (--whole-archive)
C:\Users\andre.DESKTOP-IURN3DR\AppData\Local\arduino15\packages\Intel\hardware\arc32\1.0.6\variants\arduino_101\libarc32drv_arduino101.a(client_api.o)
                              (--whole-archive)
C:\Users\andre.DESKTOP-IURN3DR\AppData\Local\arduino15\packages\Intel\hardware\arc32\1.0.6\variants\arduino_101\libarc32drv_arduino101.a(service_api.o)
                              (--whole-archive)
C:\Users\andre.DESKTOP-IURN3DR\AppData\Local\arduino15\packages\Intel\hardware\arc32\1.0.6\variants\arduino_101\libarc32drv_arduino101.a(service_manager.o)
                              (--whole-archive)
C:\Users\andre.DESKTOP-IURN3DR\AppData\Local\arduino15\packages\Intel\hardware\arc32\1.0.6\variants\arduino_101\libarc32drv_arduino101.a(factory_data.o)
                              (--whole-archive)
C:\Users\andre.DESKTOP-IURN3DR\AppData\Local\arduino15\packages\Intel\hardware\arc32\1.0.6\variants\arduino_101\libarc32drv_arduino101.a(ipc.o)
                              (--whole-archive)
C:\Users\andre.DESKTOP-IURN3DR\AppData\Local\arduino15\packages\Intel\hardware\arc32\1.0.6\variants\arduino_101\libarc32drv_arduino101.a(ipc_callback.o)
                              (--whole-archive)
C:\Users\andre.DESKTOP-IURN3DR\AppData\Local\arduino15\packages\Intel\hardware\arc32\1.0.6\variants\arduino_101\libarc32drv_arduino101.a(log.o)
                              (--whole-archive)
C:\Users\andre.DESKTOP-IURN3DR\AppData\Local\arduino15\packages\Intel\hardware\arc32\1.0.6\variants\arduino_101\libarc32drv_arduino101.a(log_impl_printk.o)
                              (--whole-archive)
[...]
Memory Configuration

Name             Origin             Length             Attributes
FLASH            0x40034000         0x00026000         xr
SRAM             0xa800e000         0x00006000         xw
DCCM             0x80000000         0x00002000         xw
*default*        0x00000000         0xffffffff

Linker script and memory map

LOAD C:\Users\andre.DESKTOP-IURN3DR\AppData\Local\arduino15\packages\Intel\hardware\arc32\1.0.6\variants\arduino_101\libarc32drv_arduino101.a
START GROUP
LOAD C:\Users\andre.DESKTOP-IURN3DR\AppData\Local\arduino15\packages\Intel\hardware\arc32\1.0.6\variants\arduino_101\libarc32drv_arduino101.a
LOAD c:/users/andre.desktop-iurn3dr/appdata/local/arduino15/packages/intel/tools/arc-elf32/1.6.9+1.0.1/bin/../lib/gcc/arc-elf32/4.8.5/../../../../arc-elf32/lib\libnsim.a
LOAD c:/users/andre.desktop-iurn3dr/appdata/local/arduino15/packages/intel/tools/arc-elf32/1.6.9+1.0.1/bin/../lib/gcc/arc-elf32/4.8.5/../../../../arc-elf32/lib\libc.a
LOAD c:/users/andre.desktop-iurn3dr/appdata/local/arduino15/packages/intel/tools/arc-elf32/1.6.9+1.0.1/bin/../lib/gcc/arc-elf32/4.8.5/../../../../arc-elf32/lib\libm.a
LOAD c:/users/andre.desktop-iurn3dr/appdata/local/arduino15/packages/intel/tools/arc-elf32/1.6.9+1.0.1/bin/../lib/gcc/arc-elf32/4.8.5\libgcc.a
LOAD C:\Users\andre.DESKTOP-IURN3DR\AppData\Local\Temp\VMicroBuilds\BlueToy\Intel_intel_arc32_arduino_101\BlueToy.cpp.o
LOAD C:\Users\andre.DESKTOP-IURN3DR\AppData\Local\Temp\VMicroBuilds\BlueToy\Intel_intel_arc32_arduino_101\CurieSoftwareSerial\SoftwareSerial.cpp.o
LOAD C:\Users\andre.DESKTOP-IURN3DR\AppData\Local\Temp\VMicroBuilds\BlueToy\Intel_intel_arc32_arduino_101\CurieEEPROM\CurieEEPROM.cpp.o
LOAD C:\Users\andre.DESKTOP-IURN3DR\AppData\Local\Temp\VMicroBuilds\BlueToy\Intel_intel_arc32_arduino_101\CurieBLE\BLEAttribute.cpp.o
LOAD C:\Users\andre.DESKTOP-IURN3DR\AppData\Local\Temp\VMicroBuilds\BlueToy\Intel_intel_arc32_arduino_101\CurieBLE\BLECentral.cpp.o
LOAD C:\Users\andre.DESKTOP-IURN3DR\AppData\Local\Temp\VMicroBuilds\BlueToy\Intel_intel_arc32_arduino_101\CurieBLE\BLECharacteristic.cpp.o
LOAD C:\Users\andre.DESKTOP-IURN3DR\AppData\Local\Temp\VMicroBuilds\BlueToy\Intel_intel_arc32_arduino_101\CurieBLE\BLEDescriptor.cpp.o
LOAD C:\Users\andre.DESKTOP-IURN3DR\AppData\Local\Temp\VMicroBuilds\BlueToy\Intel_intel_arc32_arduino_101\CurieBLE\BLEPeripheral.cpp.o
LOAD C:\Users\andre.DESKTOP-IURN3DR\AppData\Local\Temp\VMicroBuilds\BlueToy\Intel_intel_arc32_arduino_101\CurieBLE\BLEService.cpp.o
LOAD C:\Users\andre.DESKTOP-IURN3DR\AppData\Local\Temp\VMicroBuilds\BlueToy\Intel_intel_arc32_arduino_101\CurieBLE\BLETypedCharacteristics.cpp.o
LOAD C:\Users\andre.DESKTOP-IURN3DR\AppData\Local\Temp\VMicroBuilds\BlueToy\Intel_intel_arc32_arduino_101\CurieBLE\BLEUuid.cpp.o
LOAD C:\Users\andre.DESKTOP-IURN3DR\AppData\Local\Temp\VMicroBuilds\BlueToy\Intel_intel_arc32_arduino_101\CurieBLE\internal\ble_client.c.o
LOAD C:\Users\andre.DESKTOP-IURN3DR\AppData\Local\Temp\VMicroBuilds\BlueToy\Intel_intel_arc32_arduino_101\BlueToyLib\BlueToyLib.cpp.o
LOAD C:\Users\andre.DESKTOP-IURN3DR\AppData\Local\Temp\VMicroBuilds\BlueToy\Intel_intel_arc32_arduino_101\VM_DBG\VM_DBG.cpp.o
LOAD C:\Users\andre.DESKTOP-IURN3DR\AppData\Local\Temp\VMicroBuilds\BlueToy\Intel_intel_arc32_arduino_101\pwrite.cpp.o
LOAD C:\Users\andre.DESKTOP-IURN3DR\AppData\Local\Temp\VMicroBuilds\BlueToy\Intel_intel_arc32_arduino_101/core.a
                0x00000800                __stack_size = 0x800
                0x00000200                __firq_stack_size = 0x200
                0x00002000                __HEAP_SIZE_MIN = 0x2000
                0x00001000                __PAGE_SIZE = 0x1000

text            0x40034000     0xa588
                0x40034000                __text_start = .
 *(.int_vector_table)
 .int_vector_table
                0x40034000      0x110 C:\Users\andre.DESKTOP-IURN3DR\AppData\Local\arduino15\packages\Intel\hardware\arc32\1.0.6\variants\arduino_101\libarc32drv_arduino101.a(init.o)
 *(.int_vector_table.*)
 *(.version_header)
 .version_header
                0x40034110       0x30 C:\Users\andre.DESKTOP-IURN3DR\AppData\Local\arduino15\packages\Intel\hardware\arc32\1.0.6\variants\arduino_101\libarc32drv_arduino101.a(version.o)
                0x40034110                version_header
 *(.version_header*)
 *(.text)
 .text          0x40034140       0x70 C:\Users\andre.DESKTOP-IURN3DR\AppData\Local\arduino15\packages\Intel\hardware\arc32\1.0.6\variants\arduino_101\libarc32drv_arduino101.a(init.o)
                0x40034168                _exit_halt
                0x40034168                _do_fault
                0x40034184                _do_isr
 .text          0x400341b0       0x80 c:/users/andre.desktop-iurn3dr/appdata/local/arduino15/packages/intel/tools/arc-elf32/1.6.9+1.0.1/bin/../lib/gcc/arc-elf32/4.8.5/../../../../arc-elf32/lib\libc.a(lib_a-memcpy-bs.o)
                0x400341b0                memcpy
 .text          0x40034230       0x6c c:/users/andre.desktop-iurn3dr/appdata/local/arduino15/packages/intel/tools/arc-elf32/1.6.9+1.0.1/bin/../lib/gcc/arc-elf32/4.8.5/../../../../arc-elf32/lib\libc.a(lib_a-memset-bs.o)
                0x40034230                memset
                0x40034284                __strncpy_bzero
 .text          0x4003429c       0x7c c:/users/andre.desktop-iurn3dr/appdata/local/arduino15/packages/intel/tools/arc-elf32/1.6.9+1.0.1/bin/../lib/gcc/arc-elf32/4.8.5/../../../../arc-elf32/lib\libc.a(lib_a-strcpy-bs.o)
                0x4003429c                strcpy
 .text          0x40034318       0x88 c:/users/andre.desktop-iurn3dr/appdata/local/arduino15/packages/intel/tools/arc-elf32/1.6.9+1.0.1/bin/../lib/gcc/arc-elf32/4.8.5/../../../../arc-elf32/lib\libc.a(lib_a-strlen-bs-norm.o)
                0x40034318                strlen
 .text          0x400343a0        0x4 c:/users/andre.desktop-iurn3dr/appdata/local/arduino15/packages/intel/tools/arc-elf32/1.6.9+1.0.1/bin/../lib/gcc/arc-elf32/4.8.5\libgcc.a(_udivsi3.o)
                0x400343a0                __udivsi3
 .text          0x400343a4       0x10 c:/users/andre.desktop-iurn3dr/appdata/local/arduino15/packages/intel/tools/arc-elf32/1.6.9+1.0.1/bin/../lib/gcc/arc-elf32/4.8.5\libgcc.a(_umodsi3.o)
                0x400343a4                __umodsi3
 .text          0x400343b4       0x74 c:/users/andre.desktop-iurn3dr/appdata/local/arduino15/packages/intel/tools/arc-elf32/1.6.9+1.0.1/bin/../lib/gcc/arc-elf32/4.8.5\libgcc.a(_divmod_tools.o)
                0x400343b4                __udivmodsi4
 .text          0x40034428       0x30 c:/users/andre.desktop-iurn3dr/appdata/local/arduino15/packages/intel/tools/arc-elf32/1.6.9+1.0.1/bin/../lib/gcc/arc-elf32/4.8.5\libgcc.a(_millicodethunk_st.o)
                0x40034428                __st_r13_to_r25
                0x4003442c                __st_r13_to_r24
                0x40034430                __st_r13_to_r23
                0x40034434                __st_r13_to_r22
                0x40034438                __st_r13_to_r21
                0x4003443c                __st_r13_to_r20
                0x40034440                __st_r13_to_r19
                0x40034444                __st_r13_to_r18
                0x40034448                __st_r13_to_r17
                0x4003444c                __st_r13_to_r16
                0x40034450                __st_r13_to_r15
 .text          0x40034458       0x30 c:/users/andre.desktop-iurn3dr/appdata/local/arduino15/packages/intel/tools/arc-elf32/1.6.9+1.0.1/bin/../lib/gcc/arc-elf32/4.8.5\libgcc.a(_millicodethunk_ld.o)
                0x40034458                __ld_r13_to_r25
                0x4003445c                __ld_r13_to_r24
                0x40034460                __ld_r13_to_r23
                0x40034464                __ld_r13_to_r22
                0x40034468                __ld_r13_to_r21
                0x4003446c                __ld_r13_to_r20
                0x40034470                __ld_r13_to_r19
                0x40034474                __ld_r13_to_r18
                0x40034478                __ld_r13_to_r17
                0x4003447c                __ld_r13_to_r16
                0x40034480                __ld_r13_to_r15
 .text          0x40034488       0x3c c:/users/andre.desktop-iurn3dr/appdata/local/arduino15/packages/intel/tools/arc-elf32/1.6.9+1.0.1/bin/../lib/gcc/arc-elf32/4.8.5\libgcc.a(_millicodethunk_ret.o)
                0x40034488                __ld_r13_to_r25_ret
                0x4003448c                __ld_r13_to_r24_ret
                0x40034490                __ld_r13_to_r23_ret
                0x40034494                __ld_r13_to_r22_ret
                0x40034498                __ld_r13_to_r21_ret
                0x4003449c                __ld_r13_to_r20_ret
                0x400344a0                __ld_r13_to_r19_ret
                0x400344a4                __ld_r13_to_r18_ret
                0x400344a8                __ld_r13_to_r17_ret
                0x400344ac                __ld_r13_to_r16_ret
                0x400344b0                __ld_r13_to_r15_ret
                0x400344b4                __ld_r13_to_r14_ret
 .text          0x400344c4       0x90 c:/users/andre.desktop-iurn3dr/appdata/local/arduino15/packages/intel/tools/arc-elf32/1.6.9+1.0.1/bin/../lib/gcc/arc-elf32/4.8.5/../../../../arc-elf32/lib\libc.a(lib_a-strcmp.o)
                0x400344c4                strcmp
 .text          0x40034554       0xfc c:/users/andre.desktop-iurn3dr/appdata/local/arduino15/packages/intel/tools/arc-elf32/1.6.9+1.0.1/bin/../lib/gcc/arc-elf32/4.8.5/../../../../arc-elf32/lib\libc.a(lib_a-strncpy-bs.o)
                0x40034554                strncpy
 *(.text.*)
 .text._main    0x40034650       0x70 C:\Users\andre.DESKTOP-IURN3DR\AppData\Local\arduino15\packages\Intel\hardware\arc32\1.0.6\variants\arduino_101\libarc32drv_arduino101.a(c_init.o)
                0x40034650                _main
 .text.interrupt_connect
                0x400346c0       0x20 C:\Users\andre.DESKTOP-IURN3DR\AppData\Local\arduino15\packages\Intel\hardware\arc32\1.0.6\variants\arduino_101\libarc32drv_arduino101.a(interrupt.o)
                0x400346c0                interrupt_connect
 .text.interrupt_enable
                0x400346e0       0x28 C:\Users\andre.DESKTOP-IURN3DR\AppData\Local\arduino15\packages\Intel\hardware\arc32\1.0.6\variants\arduino_101\libarc32drv_arduino101.a(interrupt.o)
                0x400346e0                interrupt_enable
 .text.interrupt_unit_device_init
                0x40034708       0x50 C:\Users\andre.DESKTOP-IURN3DR\AppData\Local\arduino15\packages\Intel\hardware\arc32\1.0.6\variants\arduino_101\libarc32drv_arduino101.a(interrupt.o)
                0x40034708                interrupt_unit_device_init
 .text._arcv2_timer0_int_handler
                0x40034758       0x20 C:\Users\andre.DESKTOP-IURN3DR\AppData\Local\arduino15\packages\Intel\hardware\arc32\1.0.6\variants\arduino_101\libarc32drv_arduino101.a(arcv2_timer0.o)
                0x40034758                _arcv2_timer0_int_handler
 .text.timer0_driver_init
                0x40034778       0x40 C:\Users\andre.DESKTOP-IURN3DR\AppData\Local\arduino15\packages\Intel\hardware\arc32\1.0.6\variants\arduino_101\libarc32drv_arduino101.a(arcv2_timer0.o)
                0x40034778                timer0_driver_init
 .text.uart_ipc_close_channel
                0x400347b8       0x20 C:\Users\andre.DESKTOP-IURN3DR\AppData\Local\arduino15\packages\Intel\hardware\arc32\1.0.6\variants\arduino_101\libarc32drv_arduino101.a(ipc_uart_ns16550.o)
                0x400347b8                uart_ipc_close_channel
 .text.uart_ipc_init
                0x400347d8       0x80 C:\Users\andre.DESKTOP-IURN3DR\AppData\Local\arduino15\packages\Intel\hardware\arc32\1.0.6\variants\arduino_101\libarc32drv_arduino101.a(ipc_uart_ns16550.o)
                0x400347d8                uart_ipc_init
 .text.uart_ipc_set_channel
                0x40034858       0x14 C:\Users\andre.DESKTOP-IURN3DR\AppData\Local\arduino15\packages\Intel\hardware\arc32\1.0.6\variants\arduino_101\libarc32drv_arduino101.a(ipc_uart_ns16550.o)
                0x40034858                uart_ipc_set_channel
 .text.uart_ipc_get_channel
                0x4003486c       0x14 C:\Users\andre.DESKTOP-IURN3DR\AppData\Local\arduino15\packages\Intel\hardware\arc32\1.0.6\variants\arduino_101\libarc32drv_arduino101.a(ipc_uart_ns16550.o)
                0x4003486c                uart_ipc_get_channel
 .text.uart_ipc_push_frame
                0x40034880       0xa0 C:\Users\andre.DESKTOP-IURN3DR\AppData\Local\arduino15\packages\Intel\hardware\arc32\1.0.6\variants\arduino_101\libarc32drv_arduino101.a(ipc_uart_ns16550.o)
                0x40034880                uart_ipc_push_frame
 .text.uart_ipc_isr
                0x40034920      0x1c8 C:\Users\andre.DESKTOP-IURN3DR\AppData\Local\arduino15\packages\Intel\hardware\arc32\1.0.6\variants\arduino_101\libarc32drv_arduino101.a(ipc_uart_ns16550.o)
                0x40034920                uart_ipc_isr
 .text.uart_ipc_channel_open
                0x40034ae8       0x28 C:\Users\andre.DESKTOP-IURN3DR\AppData\Local\arduino15\packages\Intel\hardware\arc32\1.0.6\variants\arduino_101\libarc32drv_arduino101.a(ipc_uart_ns16550.o)
                0x40034ae8                uart_ipc_channel_open
 .text.uart_ipc_send_message
                0x40034b10       0x88 C:\Users\andre.DESKTOP-IURN3DR\AppData\Local\arduino15\packages\Intel\hardware\arc32\1.0.6\variants\arduino_101\libarc32drv_arduino101.a(ipc_uart_ns16550.o)
                0x40034b10                uart_ipc_send_message
 .text.uart_ipc_send_sync_resp
                0x40034b98       0xbc C:\Users\andre.DESKTOP-IURN3DR\AppData\Local\arduino15\packages\Intel\hardware\arc32\1.0.6\variants\arduino_101\libarc32drv_arduino101.a(ipc_uart_ns16550.o)
                0x40034b98                uart_ipc_send_sync_resp
 .text.uart_init
                0x40034c54       0x9c C:\Users\andre.DESKTOP-IURN3DR\AppData\Local\arduino15\packages\Intel\hardware\arc32\1.0.6\variants\arduino_101\libarc32drv_arduino101.a(ns16550.o)
                0x40034c54                uart_init
 .text.uart_poll_in
                0x40034cf0       0x28 C:\Users\andre.DESKTOP-IURN3DR\AppData\Local\arduino15\packages\Intel\hardware\arc32\1.0.6\variants\arduino_101\libarc32drv_arduino101.a(ns16550.o)
                0x40034cf0                uart_poll_in
 .text.uart_poll_out
                0x40034d18       0x28 C:\Users\andre.DESKTOP-IURN3DR\AppData\Local\arduino15\packages\Intel\hardware\arc32\1.0.6\variants\arduino_101\libarc32drv_arduino101.a(ns16550.o)
                0x40034d18                uart_poll_out
 .text.uart_fifo_fill
                0x40034d40       0x4c C:\Users\andre.DESKTOP-IURN3DR\AppData\Local\arduino15\packages\Intel\hardware\arc32\1.0.6\variants\arduino_101\libarc32drv_arduino101.a(ns16550.o)
                0x40034d40                uart_fifo_fill
 .text.uart_fifo_read
                0x40034d8c       0x4c C:\Users\andre.DESKTOP-IURN3DR\AppData\Local\arduino15\packages\Intel\hardware\arc32\1.0.6\variants\arduino_101\libarc32drv_arduino101.a(ns16550.o)
                0x40034d8c                uart_fifo_read
 .text.uart_irq_tx_enable
                0x40034dd8       0x20 C:\Users\andre.DESKTOP-IURN3DR\AppData\Local\arduino15\packages\Intel\hardware\arc32\1.0.6\variants\arduino_101\libarc32drv_arduino101.a(ns16550.o)
                0x40034dd8                uart_irq_tx_enable
 .text.uart_irq_tx_disable
                0x40034df8       0x20 C:\Users\andre.DESKTOP-IURN3DR\AppData\Local\arduino15\packages\Intel\hardware\arc32\1.0.6\variants\arduino_101\libarc32drv_arduino101.a(ns16550.o)
                0x40034df8                uart_irq_tx_disable
 .text.uart_irq_tx_ready
                0x40034e18       0x20 C:\Users\andre.DESKTOP-IURN3DR\AppData\Local\arduino15\packages\Intel\hardware\arc32\1.0.6\variants\arduino_101\libarc32drv_arduino101.a(ns16550.o)
                0x40034e18                uart_irq_tx_ready
 .text.uart_irq_rx_enable
                0x40034e38       0x20 C:\Users\andre.DESKTOP-IURN3DR\AppData\Local\arduino15\packages\Intel\hardware\arc32\1.0.6\variants\arduino_101\libarc32drv_arduino101.a(ns16550.o)
                0x40034e38                uart_irq_rx_enable
 .text.uart_irq_rx_disable
                0x40034e58       0x20 C:\Users\andre.DESKTOP-IURN3DR\AppData\Local\arduino15\packages\Intel\hardware\arc32\1.0.6\variants\arduino_101\libarc32drv_arduino101.a(ns16550.o)
                0x40034e58                uart_irq_rx_disable
 .text.uart_irq_rx_ready
                0x40034e78       0x20 C:\Users\andre.DESKTOP-IURN3DR\AppData\Local\arduino15\packages\Intel\hardware\arc32\1.0.6\variants\arduino_101\libarc32drv_arduino101.a(ns16550.o)
                0x40034e78                uart_irq_rx_ready
 .text.uart_irq_err_detected
                0x40034e98       0x20 C:\Users\andre.DESKTOP-IURN3DR\AppData\Local\arduino15\packages\Intel\hardware\arc32\1.0.6\variants\arduino_101\libarc32drv_arduino101.a(ns16550.o)
                0x40034e98                uart_irq_err_detected
 .text.uart_line_status
                0x40034eb8       0x1c C:\Users\andre.DESKTOP-IURN3DR\AppData\Local\arduino15\packages\Intel\hardware\arc32\1.0.6\variants\arduino_101\libarc32drv_arduino101.a(ns16550.o)
                0x40034eb8                uart_line_status
 .text.uart_break_check
                0x40034ed4       0x1c C:\Users\andre.DESKTOP-IURN3DR\AppData\Local\arduino15\packages\Intel\hardware\arc32\1.0.6\variants\arduino_101\libarc32drv_arduino101.a(ns16550.o)
                0x40034ed4                uart_break_check
 .text.uart_irq_is_pending
                0x40034ef0       0x20 C:\Users\andre.DESKTOP-IURN3DR\AppData\Local\arduino15\packages\Intel\hardware\arc32\1.0.6\variants\arduino_101\libarc32drv_arduino101.a(ns16550.o)
                0x40034ef0                uart_irq_is_pending
 .text.uart_irq_update
                0x40034f10       0x20 C:\Users\andre.DESKTOP-IURN3DR\AppData\Local\arduino15\packages\Intel\hardware\arc32\1.0.6\variants\arduino_101\libarc32drv_arduino101.a(ns16550.o)
                0x40034f10                uart_irq_update
 .text.uart_int_connect
                0x40034f30       0x4c C:\Users\andre.DESKTOP-IURN3DR\AppData\Local\arduino15\packages\Intel\hardware\arc32\1.0.6\variants\arduino_101\libarc32drv_arduino101.a(ns16550.o)
                0x40034f30                uart_int_connect
 .text.soc_gpio_ISR_proc
                0x40034f7c       0x58 C:\Users\andre.DESKTOP-IURN3DR\AppData\Local\arduino15\packages\Intel\hardware\arc32\1.0.6\variants\arduino_101\libarc32drv_arduino101.a(soc_gpio.o)
 .text.gpio_isr
                0x40034fd4       0x10 C:\Users\andre.DESKTOP-IURN3DR\AppData\Local\arduino15\packages\Intel\hardware\arc32\1.0.6\variants\arduino_101\libarc32drv_arduino101.a(soc_gpio.o)
                0x40034fd4                gpio_isr
 .text.gpio_aon_isr
                0x40034fe4       0x10 C:\Users\andre.DESKTOP-IURN3DR\AppData\Local\arduino15\packages\Intel\hardware\arc32\1.0.6\variants\arduino_101\libarc32drv_arduino101.a(soc_gpio.o)
                0x40034fe4                gpio_aon_isr
 .text.soc_gpio_deconfig
                0x40034ff4       0x6c C:\Users\andre.DESKTOP-IURN3DR\AppData\Local\arduino15\packages\Intel\hardware\arc32\1.0.6\variants\arduino_101\libarc32drv_arduino101.a(soc_gpio.o)
                0x40034ff4                soc_gpio_deconfig
 .text.soc_gpio_enable
                0x40035060       0x88 C:\Users\andre.DESKTOP-IURN3DR\AppData\Local\arduino15\packages\Intel\hardware\arc32\1.0.6\variants\arduino_101\libarc32drv_arduino101.a(soc_gpio.o)
                0x40035060                soc_gpio_enable
 .text.soc_gpio_set_config
                0x400350e8      0x134 C:\Users\andre.DESKTOP-IURN3DR\AppData\Local\arduino15\packages\Intel\hardware\arc32\1.0.6\variants\arduino_101\libarc32drv_arduino101.a(soc_gpio.o)
                0x400350e8                soc_gpio_set_config
 .text.soc_gpio_write
                0x4003521c       0x58 C:\Users\andre.DESKTOP-IURN3DR\AppData\Local\arduino15\packages\Intel\hardware\arc32\1.0.6\variants\arduino_101\libarc32drv_arduino101.a(soc_gpio.o)
                0x4003521c                soc_gpio_write
 .text.ss_gpio_ISR_proc
                0x40035274       0x68 C:\Users\andre.DESKTOP-IURN3DR\AppData\Local\arduino15\packages\Intel\hardware\arc32\1.0.6\variants\arduino_101\libarc32drv_arduino101.a(ss_gpio_iface.o)
 .text.ss_gpio_8b1_ISR
                0x400352dc       0x10 C:\Users\andre.DESKTOP-IURN3DR\AppData\Local\arduino15\packages\Intel\hardware\arc32\1.0.6\variants\arduino_101\libarc32drv_arduino101.a(ss_gpio_iface.o)
 .text.ss_gpio_8b0_ISR
                0x400352ec       0x10 C:\Users\andre.DESKTOP-IURN3DR\AppData\Local\arduino15\packages\Intel\hardware\arc32\1.0.6\variants\arduino_101\libarc32drv_arduino101.a(ss_gpio_iface.o)
 .text.ss_gpio_deconfig
                0x400352fc       0x74 C:\Users\andre.DESKTOP-IURN3DR\AppData\Local\arduino15\packages\Intel\hardware\arc32\1.0.6\variants\arduino_101\libarc32drv_arduino101.a(ss_gpio_iface.o)
                0x400352fc                ss_gpio_deconfig
 .text.ss_gpio_enable
                0x40035370       0x9c C:\Users\andre.DESKTOP-IURN3DR\AppData\Local\arduino15\packages\Intel\hardware\arc32\1.0.6\variants\arduino_101\libarc32drv_arduino101.a(ss_gpio_iface.o)
                0x40035370                ss_gpio_enable
 .text.ss_gpio_set_config
                0x4003540c      0x19c C:\Users\andre.DESKTOP-IURN3DR\AppData\Local\arduino15\packages\Intel\hardware\arc32\1.0.6\variants\arduino_101\libarc32drv_arduino101.a(ss_gpio_iface.o)
                0x4003540c                ss_gpio_set_config
 .text.free_message_ipc
                0x400355a8       0x18 C:\Users\andre.DESKTOP-IURN3DR\AppData\Local\arduino15\packages\Intel\hardware\arc32\1.0.6\variants\arduino_101\libarc32drv_arduino101.a(cfw_platform.o)
 .text.send_message_ipc
                0x400355c0       0x18 C:\Users\andre.DESKTOP-IURN3DR\AppData\Local\arduino15\packages\Intel\hardware\arc32\1.0.6\variants\arduino_101\libarc32drv_arduino101.a(cfw_platform.o)
 .text.ipc_mbx_isr
                0x400355d8       0x30 C:\Users\andre.DESKTOP-IURN3DR\AppData\Local\arduino15\packages\Intel\hardware\arc32\1.0.6\variants\arduino_101\libarc32drv_arduino101.a(cfw_platform.o)
 .text.cfw_platform_nordic_init
                0x40035608       0x68 C:\Users\andre.DESKTOP-IURN3DR\AppData\Local\arduino15\packages\Intel\hardware\arc32\1.0.6\variants\arduino_101\libarc32drv_arduino101.a(cfw_platform.o)
                0x40035608                cfw_platform_nordic_init
 .text.cfw_platform_init
                0x40035670       0xb0 C:\Users\andre.DESKTOP-IURN3DR\AppData\Local\arduino15\packages\Intel\hardware\arc32\1.0.6\variants\arduino_101\libarc32drv_arduino101.a(cfw_platform.o)
                0x40035670                cfw_platform_init
 .text.cfw_get_service_queue
                0x40035720       0x14 C:\Users\andre.DESKTOP-IURN3DR\AppData\Local\arduino15\packages\Intel\hardware\arc32\1.0.6\variants\arduino_101\libarc32drv_arduino101.a(cfw_platform.o)
                0x40035720                cfw_get_service_queue
 .text.nordic_wake_assert
                0x40035734       0x48 C:\Users\andre.DESKTOP-IURN3DR\AppData\Local\arduino15\packages\Intel\hardware\arc32\1.0.6\variants\arduino_101\libarc32drv_arduino101.a(nordic_interface.o)
 .text.send_message_ipc_uart
                0x4003577c       0x34 C:\Users\andre.DESKTOP-IURN3DR\AppData\Local\arduino15\packages\Intel\hardware\arc32\1.0.6\variants\arduino_101\libarc32drv_arduino101.a(nordic_interface.o)
                0x4003577c                send_message_ipc_uart
 .text.free_message_ipc_uart
                0x400357b0       0x10 C:\Users\andre.DESKTOP-IURN3DR\AppData\Local\arduino15\packages\Intel\hardware\arc32\1.0.6\variants\arduino_101\libarc32drv_arduino101.a(nordic_interface.o)
                0x400357b0                free_message_ipc_uart
 .text.uart_ipc_message_cback
                0x400357c0      0x10c C:\Users\andre.DESKTOP-IURN3DR\AppData\Local\arduino15\packages\Intel\hardware\arc32\1.0.6\variants\arduino_101\libarc32drv_arduino101.a(nordic_interface.o)
                0x400357c0                uart_ipc_message_cback
 .text.nordic_interface_init
                0x400358cc       0xa0 C:\Users\andre.DESKTOP-IURN3DR\AppData\Local\arduino15\packages\Intel\hardware\arc32\1.0.6\variants\arduino_101\libarc32drv_arduino101.a(nordic_interface.o)
                0x400358cc                nordic_interface_init
 .text.ble_gap_set_enable_config
                0x4003596c       0xc0 C:\Users\andre.DESKTOP-IURN3DR\AppData\Local\arduino15\packages\Intel\hardware\arc32\1.0.6\variants\arduino_101\libarc32drv_arduino101.a(ble_service_gap_api.o)
                0x4003596c                ble_gap_set_enable_config
 .text.ble_gap_wr_adv_data
                0x40035a2c       0xa4 C:\Users\andre.DESKTOP-IURN3DR\AppData\Local\arduino15\packages\Intel\hardware\arc32\1.0.6\variants\arduino_101\libarc32drv_arduino101.a(ble_service_gap_api.o)
                0x40035a2c                ble_gap_wr_adv_data
 .text.ble_gap_start_advertise
                0x40035ad0       0x88 C:\Users\andre.DESKTOP-IURN3DR\AppData\Local\arduino15\packages\Intel\hardware\arc32\1.0.6\variants\arduino_101\libarc32drv_arduino101.a(ble_service_gap_api.o)
                0x40035ad0                ble_gap_start_advertise
 .text.ble_gap_sm_config
                0x40035b58       0x40 C:\Users\andre.DESKTOP-IURN3DR\AppData\Local\arduino15\packages\Intel\hardware\arc32\1.0.6\variants\arduino_101\libarc32drv_arduino101.a(ble_service_gap_api.o)
                0x40035b58                ble_gap_sm_config
 .text.ble_gatts_add_service
                0x40035b98       0x60 C:\Users\andre.DESKTOP-IURN3DR\AppData\Local\arduino15\packages\Intel\hardware\arc32\1.0.6\variants\arduino_101\libarc32drv_arduino101.a(ble_service_gatts_api.o)
                0x40035b98                ble_gatts_add_service
 .text.ble_gatts_add_characteristic
                0x40035bf8       0xe4 C:\Users\andre.DESKTOP-IURN3DR\AppData\Local\arduino15\packages\Intel\hardware\arc32\1.0.6\variants\arduino_101\libarc32drv_arduino101.a(ble_service_gatts_api.o)
                0x40035bf8                ble_gatts_add_characteristic
 .text.ble_gatts_add_descriptor
                0x40035cdc       0x90 C:\Users\andre.DESKTOP-IURN3DR\AppData\Local\arduino15\packages\Intel\hardware\arc32\1.0.6\variants\arduino_101\libarc32drv_arduino101.a(ble_service_gatts_api.o)
                0x40035cdc                ble_gatts_add_descriptor
 .text.ble_sizeof_bt_uuid
                0x40035d6c       0x14 C:\Users\andre.DESKTOP-IURN3DR\AppData\Local\arduino15\packages\Intel\hardware\arc32\1.0.6\variants\arduino_101\libarc32drv_arduino101.a(ble_service_utils.o)
                0x40035d6c                ble_sizeof_bt_uuid
 .text.ble_encode_bt_uuid
                0x40035d80       0x68 C:\Users\andre.DESKTOP-IURN3DR\AppData\Local\arduino15\packages\Intel\hardware\arc32\1.0.6\variants\arduino_101\libarc32drv_arduino101.a(ble_service_utils.o)
                0x40035d80                ble_encode_bt_uuid
 .text.cfw_open_service
                0x40035de8       0x78 C:\Users\andre.DESKTOP-IURN3DR\AppData\Local\arduino15\packages\Intel\hardware\arc32\1.0.6\variants\arduino_101\libarc32drv_arduino101.a(client_api.o)
                0x40035de8                cfw_open_service
 .text.cfw_register_svc_available
                0x40035e60       0x58 C:\Users\andre.DESKTOP-IURN3DR\AppData\Local\arduino15\packages\Intel\hardware\arc32\1.0.6\variants\arduino_101\libarc32drv_arduino101.a(client_api.o)
                0x40035e60                cfw_register_svc_available
 .text.cfw_alloc_message_for_service
                0x40035eb8       0x4c C:\Users\andre.DESKTOP-IURN3DR\AppData\Local\arduino15\packages\Intel\hardware\arc32\1.0.6\variants\arduino_101\libarc32drv_arduino101.a(client_api.o)
                0x40035eb8                cfw_alloc_message_for_service
 .text.cfw_alloc_message
                0x40035f04       0x10 C:\Users\andre.DESKTOP-IURN3DR\AppData\Local\arduino15\packages\Intel\hardware\arc32\1.0.6\variants\arduino_101\libarc32drv_arduino101.a(client_api.o)
                0x40035f04                cfw_alloc_message
 .text.client_handle_message
                0x40035f14       0x50 C:\Users\andre.DESKTOP-IURN3DR\AppData\Local\arduino15\packages\Intel\hardware\arc32\1.0.6\variants\arduino_101\libarc32drv_arduino101.a(service_api.o)
                0x40035f14                client_handle_message
 .text.cfw_alloc_rsp_msg
                0x40035f64       0x50 C:\Users\andre.DESKTOP-IURN3DR\AppData\Local\arduino15\packages\Intel\hardware\arc32\1.0.6\variants\arduino_101\libarc32drv_arduino101.a(service_api.o)
                0x40035f64                cfw_alloc_rsp_msg
 .text.cfw_init
                0x40035fb4       0x44 C:\Users\andre.DESKTOP-IURN3DR\AppData\Local\arduino15\packages\Intel\hardware\arc32\1.0.6\variants\arduino_101\libarc32drv_arduino101.a(service_api.o)
                0x40035fb4                cfw_init
 .text._cfw_send_message
                0x40035ff8       0x10 C:\Users\andre.DESKTOP-IURN3DR\AppData\Local\arduino15\packages\Intel\hardware\arc32\1.0.6\variants\arduino_101\libarc32drv_arduino101.a(service_api.o)
                0x40035ff8                _cfw_send_message
 .text.cfw_msg_free
                0x40036008       0x10 C:\Users\andre.DESKTOP-IURN3DR\AppData\Local\arduino15\packages\Intel\hardware\arc32\1.0.6\variants\arduino_101\libarc32drv_arduino101.a(service_api.o)
                0x40036008                cfw_msg_free
 .text.send_service_avail_evt
                0x40036018       0x54 C:\Users\andre.DESKTOP-IURN3DR\AppData\Local\arduino15\packages\Intel\hardware\arc32\1.0.6\variants\arduino_101\libarc32drv_arduino101.a(service_manager.o)
 .text.notify_service_avail_cb
                0x4003606c       0x38 C:\Users\andre.DESKTOP-IURN3DR\AppData\Local\arduino15\packages\Intel\hardware\arc32\1.0.6\variants\arduino_101\libarc32drv_arduino101.a(service_manager.o)
                0x4003606c                notify_service_avail_cb
 .text.add_service_avail_listener
                0x400360a4       0x3c C:\Users\andre.DESKTOP-IURN3DR\AppData\Local\arduino15\packages\Intel\hardware\arc32\1.0.6\variants\arduino_101\libarc32drv_arduino101.a(service_manager.o)
                0x400360a4                add_service_avail_listener
 .text.notify_service_avail
                0x400360e0       0x2c C:\Users\andre.DESKTOP-IURN3DR\AppData\Local\arduino15\packages\Intel\hardware\arc32\1.0.6\variants\arduino_101\libarc32drv_arduino101.a(service_manager.o)
                0x400360e0                notify_service_avail
 .text.get_event_registered_list
                0x4003610c       0x28 C:\Users\andre.DESKTOP-IURN3DR\AppData\Local\arduino15\packages\Intel\hardware\arc32\1.0.6\variants\arduino_101\libarc32drv_arduino101.a(service_manager.o)
                0x4003610c                get_event_registered_list
 .text._cfw_register_event
                0x40036134       0x5c C:\Users\andre.DESKTOP-IURN3DR\AppData\Local\arduino15\packages\Intel\hardware\arc32\1.0.6\variants\arduino_101\libarc32drv_arduino101.a(service_manager.o)
                0x40036134                _cfw_register_event
 .text._find_service
                0x40036190       0x30 C:\Users\andre.DESKTOP-IURN3DR\AppData\Local\arduino15\packages\Intel\hardware\arc32\1.0.6\variants\arduino_101\libarc32drv_arduino101.a(service_manager.o)
                0x40036190                _find_service
 .text.cfw_get_service
                0x400361c0       0x28 C:\Users\andre.DESKTOP-IURN3DR\AppData\Local\arduino15\packages\Intel\hardware\arc32\1.0.6\variants\arduino_101\libarc32drv_arduino101.a(service_manager.o)
                0x400361c0                cfw_get_service
 .text.internal_handle_message
                0x400361e8      0x20c C:\Users\andre.DESKTOP-IURN3DR\AppData\Local\arduino15\packages\Intel\hardware\arc32\1.0.6\variants\arduino_101\libarc32drv_arduino101.a(service_manager.o)
                0x400361e8                internal_handle_message
 .text.cfw_get_service_mgr_port_id
                0x400363f4       0x14 C:\Users\andre.DESKTOP-IURN3DR\AppData\Local\arduino15\packages\Intel\hardware\arc32\1.0.6\variants\arduino_101\libarc32drv_arduino101.a(service_manager.o)
                0x400363f4                cfw_get_service_mgr_port_id
 .text._cfw_init
                0x40036408       0x34 C:\Users\andre.DESKTOP-IURN3DR\AppData\Local\arduino15\packages\Intel\hardware\arc32\1.0.6\variants\arduino_101\libarc32drv_arduino101.a(service_manager.o)
                0x40036408                _cfw_init
 .text._add_service
                0x4003643c       0x48 C:\Users\andre.DESKTOP-IURN3DR\AppData\Local\arduino15\packages\Intel\hardware\arc32\1.0.6\variants\arduino_101\libarc32drv_arduino101.a(service_manager.o)
                0x4003643c                _add_service
 .text._cfw_register_service
                0x40036484       0x64 C:\Users\andre.DESKTOP-IURN3DR\AppData\Local\arduino15\packages\Intel\hardware\arc32\1.0.6\variants\arduino_101\libarc32drv_arduino101.a(service_manager.o)
                0x40036484                _cfw_register_service
 .text.handle_ipc_sync_request
                0x400364e8       0x5c C:\Users\andre.DESKTOP-IURN3DR\AppData\Local\arduino15\packages\Intel\hardware\arc32\1.0.6\variants\arduino_101\libarc32drv_arduino101.a(service_manager.o)
                0x400364e8                handle_ipc_sync_request
 .text.ipc_init
                0x40036544       0x48 C:\Users\andre.DESKTOP-IURN3DR\AppData\Local\arduino15\packages\Intel\hardware\arc32\1.0.6\variants\arduino_101\libarc32drv_arduino101.a(ipc.o)
                0x40036544                ipc_init
 .text.ipc_handle_message
                0x4003658c       0xa4 C:\Users\andre.DESKTOP-IURN3DR\AppData\Local\arduino15\packages\Intel\hardware\arc32\1.0.6\variants\arduino_101\libarc32drv_arduino101.a(ipc.o)
                0x4003658c                ipc_handle_message
 .text.ipc_request_sync_int
                0x40036630      0x158 C:\Users\andre.DESKTOP-IURN3DR\AppData\Local\arduino15\packages\Intel\hardware\arc32\1.0.6\variants\arduino_101\libarc32drv_arduino101.a(ipc.o)
                0x40036630                ipc_request_sync_int
 .text.ipc_sync_callback
                0x40036788       0x54 C:\Users\andre.DESKTOP-IURN3DR\AppData\Local\arduino15\packages\Intel\hardware\arc32\1.0.6\variants\arduino_101\libarc32drv_arduino101.a(ipc_callback.o)
                0x40036788                ipc_sync_callback
 .text.log_vprintk
                0x400367dc       0x48 C:\Users\andre.DESKTOP-IURN3DR\AppData\Local\arduino15\packages\Intel\hardware\arc32\1.0.6\variants\arduino_101\libarc32drv_arduino101.a(log.o)
                0x400367dc                log_vprintk
 .text.log_printk
                0x40036824       0x38 C:\Users\andre.DESKTOP-IURN3DR\AppData\Local\arduino15\packages\Intel\hardware\arc32\1.0.6\variants\arduino_101\libarc32drv_arduino101.a(log.o)
                0x40036824                log_printk
 .text.log_write_msg
                0x4003685c       0x10 C:\Users\andre.DESKTOP-IURN3DR\AppData\Local\arduino15\packages\Intel\hardware\arc32\1.0.6\variants\arduino_101\libarc32drv_arduino101.a(log_impl_printk.o)
                0x4003685c                log_write_msg
 .text.get_port
                0x4003686c       0x40 C:\Users\andre.DESKTOP-IURN3DR\AppData\Local\arduino15\packages\Intel\hardware\arc32\1.0.6\variants\arduino_101\libarc32drv_arduino101.a(port.o)
 .text.get_cpu_id
                0x400368ac       0x14 C:\Users\andre.DESKTOP-IURN3DR\AppData\Local\arduino15\packages\Intel\hardware\arc32\1.0.6\variants\arduino_101\libarc32drv_arduino101.a(port.o)
                0x400368ac                get_cpu_id
 .text.port_get_port_table
                0x400368c0       0x14 C:\Users\andre.DESKTOP-IURN3DR\AppData\Local\arduino15\packages\Intel\hardware\arc32\1.0.6\variants\arduino_101\libarc32drv_arduino101.a(port.o)
                0x400368c0                port_get_port_table
 .text.port_alloc
                0x400368d4       0x60 C:\Users\andre.DESKTOP-IURN3DR\AppData\Local\arduino15\packages\Intel\hardware\arc32\1.0.6\variants\arduino_101\libarc32drv_arduino101.a(port.o)
                0x400368d4                port_alloc
 .text.port_set_handler
                0x40036934       0x28 C:\Users\andre.DESKTOP-IURN3DR\AppData\Local\arduino15\packages\Intel\hardware\arc32\1.0.6\variants\arduino_101\libarc32drv_arduino101.a(port.o)
                0x40036934                port_set_handler
 .text.message_alloc
                0x4003695c       0x38 C:\Users\andre.DESKTOP-IURN3DR\AppData\Local\arduino15\packages\Intel\hardware\arc32\1.0.6\variants\arduino_101\libarc32drv_arduino101.a(port.o)
                0x4003695c                message_alloc
 .text.port_process_message
                0x40036994       0x3c C:\Users\andre.DESKTOP-IURN3DR\AppData\Local\arduino15\packages\Intel\hardware\arc32\1.0.6\variants\arduino_101\libarc32drv_arduino101.a(port.o)
                0x40036994                port_process_message
 .text.port_set_cpu_id
                0x400369d0       0x24 C:\Users\andre.DESKTOP-IURN3DR\AppData\Local\arduino15\packages\Intel\hardware\arc32\1.0.6\variants\arduino_101\libarc32drv_arduino101.a(port.o)
                0x400369d0                port_set_cpu_id
 .text.port_get_cpu_id
                0x400369f4       0x18 C:\Users\andre.DESKTOP-IURN3DR\AppData\Local\arduino15\packages\Intel\hardware\arc32\1.0.6\variants\arduino_101\libarc32drv_arduino101.a(port.o)
                0x400369f4                port_get_cpu_id
 .text.set_cpu_id
                0x40036a0c       0x14 C:\Users\andre.DESKTOP-IURN3DR\AppData\Local\arduino15\packages\Intel\hardware\arc32\1.0.6\variants\arduino_101\libarc32drv_arduino101.a(port.o)
                0x40036a0c                set_cpu_id
 .text.set_cpu_message_sender
                0x40036a20       0x18 C:\Users\andre.DESKTOP-IURN3DR\AppData\Local\arduino15\packages\Intel\hardware\arc32\1.0.6\variants\arduino_101\libarc32drv_arduino101.a(port.o)
                0x40036a20                set_cpu_message_sender
 .text.set_cpu_free_handler
                0x40036a38       0x18 C:\Users\andre.DESKTOP-IURN3DR\AppData\Local\arduino15\packages\Intel\hardware\arc32\1.0.6\variants\arduino_101\libarc32drv_arduino101.a(port.o)
                0x40036a38                set_cpu_free_handler
 .text.port_send_message
                0x40036a50       0x94 C:\Users\andre.DESKTOP-IURN3DR\AppData\Local\arduino15\packages\Intel\hardware\arc32\1.0.6\variants\arduino_101\libarc32drv_arduino101.a(port.o)
                0x40036a50                port_send_message
 .text.message_free
                0x40036ae4       0x50 C:\Users\andre.DESKTOP-IURN3DR\AppData\Local\arduino15\packages\Intel\hardware\arc32\1.0.6\variants\arduino_101\libarc32drv_arduino101.a(port.o)
                0x40036ae4                message_free
 .text.queue_process_message
                0x40036b34       0x48 C:\Users\andre.DESKTOP-IURN3DR\AppData\Local\arduino15\packages\Intel\hardware\arc32\1.0.6\variants\arduino_101\libarc32drv_arduino101.a(port.o)
                0x40036b34                queue_process_message
 .text.get_uptime_32k
                0x40036b7c       0x14 C:\Users\andre.DESKTOP-IURN3DR\AppData\Local\arduino15\packages\Intel\hardware\arc32\1.0.6\variants\arduino_101\libarc32drv_arduino101.a(uptime.o)
                0x40036b7c                get_uptime_32k
 .text.get_uptime_ms
                0x40036b90       0x28 C:\Users\andre.DESKTOP-IURN3DR\AppData\Local\arduino15\packages\Intel\hardware\arc32\1.0.6\variants\arduino_101\libarc32drv_arduino101.a(uptime.o)
                0x40036b90                get_uptime_ms
 .text.list_init
                0x40036bb8       0x14 C:\Users\andre.DESKTOP-IURN3DR\AppData\Local\arduino15\packages\Intel\hardware\arc32\1.0.6\variants\arduino_101\libarc32drv_arduino101.a(list.o)
                0x40036bb8                list_init
 .text.list_add
                0x40036bcc       0x28 C:\Users\andre.DESKTOP-IURN3DR\AppData\Local\arduino15\packages\Intel\hardware\arc32\1.0.6\variants\arduino_101\libarc32drv_arduino101.a(list.o)
                0x40036bcc                list_add
 .text.list_foreach_del
                0x40036bf4       0x60 C:\Users\andre.DESKTOP-IURN3DR\AppData\Local\arduino15\packages\Intel\hardware\arc32\1.0.6\variants\arduino_101\libarc32drv_arduino101.a(list.o)
                0x40036bf4                list_foreach_del
 .text.list_get
                0x40036c54       0x24 C:\Users\andre.DESKTOP-IURN3DR\AppData\Local\arduino15\packages\Intel\hardware\arc32\1.0.6\variants\arduino_101\libarc32drv_arduino101.a(list.o)
                0x40036c54                list_get
 .text.cfw_alloc
                0x40036c78       0x2c C:\Users\andre.DESKTOP-IURN3DR\AppData\Local\arduino15\packages\Intel\hardware\arc32\1.0.6\variants\arduino_101\libarc32drv_arduino101.a(os.o)
                0x40036c78                cfw_alloc
 .text.cfw_free
                0x40036ca4       0x28 C:\Users\andre.DESKTOP-IURN3DR\AppData\Local\arduino15\packages\Intel\hardware\arc32\1.0.6\variants\arduino_101\libarc32drv_arduino101.a(os.o)
                0x40036ca4                cfw_free
 .text.balloc   0x40036ccc       0x10 C:\Users\andre.DESKTOP-IURN3DR\AppData\Local\arduino15\packages\Intel\hardware\arc32\1.0.6\variants\arduino_101\libarc32drv_arduino101.a(os.o)
                0x40036ccc                balloc
 .text.bfree    0x40036cdc       0x18 C:\Users\andre.DESKTOP-IURN3DR\AppData\Local\arduino15\packages\Intel\hardware\arc32\1.0.6\variants\arduino_101\libarc32drv_arduino101.a(os.o)
                0x40036cdc                bfree
 .text.queue_get_message
                0x40036cf4       0x28 C:\Users\andre.DESKTOP-IURN3DR\AppData\Local\arduino15\packages\Intel\hardware\arc32\1.0.6\variants\arduino_101\libarc32drv_arduino101.a(os.o)
                0x40036cf4                queue_get_message
 .text.queue_send_message
                0x40036d1c       0x24 C:\Users\andre.DESKTOP-IURN3DR\AppData\Local\arduino15\packages\Intel\hardware\arc32\1.0.6\variants\arduino_101\libarc32drv_arduino101.a(os.o)
                0x40036d1c                queue_send_message
 .text.queue_create
                0x40036d40       0x54 C:\Users\andre.DESKTOP-IURN3DR\AppData\Local\arduino15\packages\Intel\hardware\arc32\1.0.6\variants\arduino_101\libarc32drv_arduino101.a(os.o)
                0x40036d40                queue_create
 .text.mutex_create
                0x40036d94       0x10 C:\Users\andre.DESKTOP-IURN3DR\AppData\Local\arduino15\packages\Intel\hardware\arc32\1.0.6\variants\arduino_101\libarc32drv_arduino101.a(os.o)
                0x40036d94                mutex_create
 .text.mutex_unlock
                0x40036da4        0xc C:\Users\andre.DESKTOP-IURN3DR\AppData\Local\arduino15\packages\Intel\hardware\arc32\1.0.6\variants\arduino_101\libarc32drv_arduino101.a(os.o)
                0x40036da4                mutex_unlock
 .text.mutex_lock
                0x40036db0       0x10 C:\Users\andre.DESKTOP-IURN3DR\AppData\Local\arduino15\packages\Intel\hardware\arc32\1.0.6\variants\arduino_101\libarc32drv_arduino101.a(os.o)
                0x40036db0                mutex_lock
 .text.malloc   0x40036dc0       0x30 c:/users/andre.desktop-iurn3dr/appdata/local/arduino15/packages/intel/tools/arc-elf32/1.6.9+1.0.1/bin/../lib/gcc/arc-elf32/4.8.5/../../../../arc-elf32/lib\libc.a(lib_a-malloc.o)
                0x40036dc0                malloc
 .text.free     0x40036df0       0x2c c:/users/andre.desktop-iurn3dr/appdata/local/arduino15/packages/intel/tools/arc-elf32/1.6.9+1.0.1/bin/../lib/gcc/arc-elf32/4.8.5/../../../../arc-elf32/lib\libc.a(lib_a-malloc.o)
                0x40036df0                free
 .text.malloc_extend_top
                0x40036e1c      0x2f8 c:/users/andre.desktop-iurn3dr/appdata/local/arduino15/packages/intel/tools/arc-elf32/1.6.9+1.0.1/bin/../lib/gcc/arc-elf32/4.8.5/../../../../arc-elf32/lib\libc.a(lib_a-mallocr.o)
 .text._malloc_r
                0x40037114      0x8d4 c:/users/andre.desktop-iurn3dr/appdata/local/arduino15/packages/intel/tools/arc-elf32/1.6.9+1.0.1/bin/../lib/gcc/arc-elf32/4.8.5/../../../../arc-elf32/lib\libc.a(lib_a-mallocr.o)
                0x40037114                _malloc_r
 .text.__malloc_lock
                0x400379e8       0x14 c:/users/andre.desktop-iurn3dr/appdata/local/arduino15/packages/intel/tools/arc-elf32/1.6.9+1.0.1/bin/../lib/gcc/arc-elf32/4.8.5/../../../../arc-elf32/lib\libc.a(lib_a-mlock.o)
                0x400379e8                __malloc_lock
 .text.__malloc_unlock
                0x400379fc       0x14 c:/users/andre.desktop-iurn3dr/appdata/local/arduino15/packages/intel/tools/arc-elf32/1.6.9+1.0.1/bin/../lib/gcc/arc-elf32/4.8.5/../../../../arc-elf32/lib\libc.a(lib_a-mlock.o)
                0x400379fc                __malloc_unlock
 .text._sbrk_r  0x40037a10       0x5c c:/users/andre.desktop-iurn3dr/appdata/local/arduino15/packages/intel/tools/arc-elf32/1.6.9+1.0.1/bin/../lib/gcc/arc-elf32/4.8.5/../../../../arc-elf32/lib\libc.a(lib_a-sbrkr.o)
                0x40037a10                _sbrk_r
 .text._free_r  0x40037a6c      0x43c c:/users/andre.desktop-iurn3dr/appdata/local/arduino15/packages/intel/tools/arc-elf32/1.6.9+1.0.1/bin/../lib/gcc/arc-elf32/4.8.5/../../../../arc-elf32/lib\libc.a(lib_a-freer.o)
                0x40037a6c                _free_r
 .text._malloc_trim_r
                0x40037ea8      0x164 c:/users/andre.desktop-iurn3dr/appdata/local/arduino15/packages/intel/tools/arc-elf32/1.6.9+1.0.1/bin/../lib/gcc/arc-elf32/4.8.5/../../../../arc-elf32/lib\libc.a(lib_a-freer.o)
                0x40037ea8                _malloc_trim_r
 .text._Z27blePeripheralConnectHandlerR10BLECentral
                0x4003800c       0x54 C:\Users\andre.DESKTOP-IURN3DR\AppData\Local\Temp\VMicroBuilds\BlueToy\Intel_intel_arc32_arduino_101\BlueToy.cpp.o
                0x4003800c                blePeripheralConnectHandler(BLECentral&)
 .text._Z30blePeripheralDisconnectHandlerR10BLECentral
                0x40038060       0x70 C:\Users\andre.DESKTOP-IURN3DR\AppData\Local\Temp\VMicroBuilds\BlueToy\Intel_intel_arc32_arduino_101\BlueToy.cpp.o
                0x40038060                blePeripheralDisconnectHandler(BLECentral&)
 .text._Z33notificationCharacteristicWrittenR10BLECentralR17BLECharacteristic
                0x400380d0       0x74 C:\Users\andre.DESKTOP-IURN3DR\AppData\Local\Temp\VMicroBuilds\BlueToy\Intel_intel_arc32_arduino_101\BlueToy.cpp.o
                0x400380d0                notificationCharacteristicWritten(BLECentral&, BLECharacteristic&)
 .text._ZN17BLECharacteristicC2ERKS_
                0x40038144       0x7c C:\Users\andre.DESKTOP-IURN3DR\AppData\Local\Temp\VMicroBuilds\BlueToy\Intel_intel_arc32_arduino_101\BlueToy.cpp.o
                0x40038144                BLECharacteristic::BLECharacteristic(BLECharacteristic const&)
                0x40038144                BLECharacteristic::BLECharacteristic(BLECharacteristic const&)
 .text._Z35gestureElementCharacteristicWrittenR10BLECentralR17BLECharacteristic
                0x400381c0       0x48 C:\Users\andre.DESKTOP-IURN3DR\AppData\Local\Temp\VMicroBuilds\BlueToy\Intel_intel_arc32_arduino_101\BlueToy.cpp.o
                0x400381c0                gestureElementCharacteristicWritten(BLECentral&, BLECharacteristic&)
 .text._Z28gestureCharacteristicWrittenR10BLECentralR17BLECharacteristic
                0x40038208       0x48 C:\Users\andre.DESKTOP-IURN3DR\AppData\Local\Temp\VMicroBuilds\BlueToy\Intel_intel_arc32_arduino_101\BlueToy.cpp.o
                0x40038208                gestureCharacteristicWritten(BLECentral&, BLECharacteristic&)
 .text._Z28profileCharacteristicWrittenR10BLECentralR17BLECharacteristic
                0x40038250       0x48 C:\Users\andre.DESKTOP-IURN3DR\AppData\Local\Temp\VMicroBuilds\BlueToy\Intel_intel_arc32_arduino_101\BlueToy.cpp.o
                0x40038250                profileCharacteristicWritten(BLECentral&, BLECharacteristic&)
 .text._Z25linkCharacteristicWrittenR10BLECentralR17BLECharacteristic
                0x40038298       0x48 C:\Users\andre.DESKTOP-IURN3DR\AppData\Local\Temp\VMicroBuilds\BlueToy\Intel_intel_arc32_arduino_101\BlueToy.cpp.o
                0x40038298                linkCharacteristicWritten(BLECentral&, BLECharacteristic&)
 .text._GLOBAL__sub_I___VisualMicro_DEBUG_1_HITCOUNTER__
                0x400382e0      0x158 C:\Users\andre.DESKTOP-IURN3DR\AppData\Local\Temp\VMicroBuilds\BlueToy\Intel_intel_arc32_arduino_101\BlueToy.cpp.o
 .text.loop     0x40038438      0x18c C:\Users\andre.DESKTOP-IURN3DR\AppData\Local\Temp\VMicroBuilds\BlueToy\Intel_intel_arc32_arduino_101\BlueToy.cpp.o
                0x40038438                loop
 .text.init     0x400385c4      0x190 C:\Users\andre.DESKTOP-IURN3DR\AppData\Local\Temp\VMicroBuilds\BlueToy\Intel_intel_arc32_arduino_101\BlueToy.cpp.o
                0x400385c4                init
 .text.setup    0x40038754       0x6c C:\Users\andre.DESKTOP-IURN3DR\AppData\Local\Temp\VMicroBuilds\BlueToy\Intel_intel_arc32_arduino_101\BlueToy.cpp.o
                0x40038754                setup
 .text._ZN14SoftwareSerial4readEv
                0x400387c0       0x5c C:\Users\andre.DESKTOP-IURN3DR\AppData\Local\Temp\VMicroBuilds\BlueToy\Intel_intel_arc32_arduino_101\CurieSoftwareSerial\SoftwareSerial.cpp.o
                0x400387c0                SoftwareSerial::read()
 .text._ZN14SoftwareSerial9availableEv
                0x4003881c       0x48 C:\Users\andre.DESKTOP-IURN3DR\AppData\Local\Temp\VMicroBuilds\BlueToy\Intel_intel_arc32_arduino_101\CurieSoftwareSerial\SoftwareSerial.cpp.o
                0x4003881c                SoftwareSerial::available()
 .text._ZN14SoftwareSerial4peekEv
                0x40038864       0x48 C:\Users\andre.DESKTOP-IURN3DR\AppData\Local\Temp\VMicroBuilds\BlueToy\Intel_intel_arc32_arduino_101\CurieSoftwareSerial\SoftwareSerial.cpp.o
                0x40038864                SoftwareSerial::peek()
 .text._ZN14SoftwareSerial4recvEv
                0x400388ac      0x1f0 C:\Users\andre.DESKTOP-IURN3DR\AppData\Local\Temp\VMicroBuilds\BlueToy\Intel_intel_arc32_arduino_101\CurieSoftwareSerial\SoftwareSerial.cpp.o
                0x400388ac                SoftwareSerial::recv()
 .text._ZN14SoftwareSerial5writeEh
                0x40038a9c      0x104 C:\Users\andre.DESKTOP-IURN3DR\AppData\Local\Temp\VMicroBuilds\BlueToy\Intel_intel_arc32_arduino_101\CurieSoftwareSerial\SoftwareSerial.cpp.o
                0x40038a9c                SoftwareSerial::write(unsigned char)
 .text._ZN14SoftwareSerial5flushEv
                0x40038ba0       0x34 C:\Users\andre.DESKTOP-IURN3DR\AppData\Local\Temp\VMicroBuilds\BlueToy\Intel_intel_arc32_arduino_101\CurieSoftwareSerial\SoftwareSerial.cpp.o
                0x40038ba0                SoftwareSerial::flush()
 .text._ZN14SoftwareSerial13stopListeningEv
                0x40038bd4       0x34 C:\Users\andre.DESKTOP-IURN3DR\AppData\Local\Temp\VMicroBuilds\BlueToy\Intel_intel_arc32_arduino_101\CurieSoftwareSerial\SoftwareSerial.cpp.o
                0x40038bd4                SoftwareSerial::stopListening()
 .text._ZN14SoftwareSerial6listenEv
                0x40038c08       0xc4 C:\Users\andre.DESKTOP-IURN3DR\AppData\Local\Temp\VMicroBuilds\BlueToy\Intel_intel_arc32_arduino_101\CurieSoftwareSerial\SoftwareSerial.cpp.o
                0x40038c08                SoftwareSerial::listen()
 .text._ZN14SoftwareSerialD2Ev
                0x40038ccc       0x18 C:\Users\andre.DESKTOP-IURN3DR\AppData\Local\Temp\VMicroBuilds\BlueToy\Intel_intel_arc32_arduino_101\CurieSoftwareSerial\SoftwareSerial.cpp.o
                0x40038ccc                SoftwareSerial::~SoftwareSerial()
                0x40038ccc                SoftwareSerial::~SoftwareSerial()
 .text._ZN14SoftwareSerialD0Ev
                0x40038ce4       0x24 C:\Users\andre.DESKTOP-IURN3DR\AppData\Local\Temp\VMicroBuilds\BlueToy\Intel_intel_arc32_arduino_101\CurieSoftwareSerial\SoftwareSerial.cpp.o
                0x40038ce4                SoftwareSerial::~SoftwareSerial()
 .text._ZN14SoftwareSerial5setTXEh
                0x40038d08       0x34 C:\Users\andre.DESKTOP-IURN3DR\AppData\Local\Temp\VMicroBuilds\BlueToy\Intel_intel_arc32_arduino_101\CurieSoftwareSerial\SoftwareSerial.cpp.o
                0x40038d08                SoftwareSerial::setTX(unsigned char)
 .text._ZN14SoftwareSerial5setRXEh
                0x40038d3c       0x3c C:\Users\andre.DESKTOP-IURN3DR\AppData\Local\Temp\VMicroBuilds\BlueToy\Intel_intel_arc32_arduino_101\CurieSoftwareSerial\SoftwareSerial.cpp.o
                0x40038d3c                SoftwareSerial::setRX(unsigned char)
 .text._ZN14SoftwareSerialC2Emmb
                0x40038d78       0x58 C:\Users\andre.DESKTOP-IURN3DR\AppData\Local\Temp\VMicroBuilds\BlueToy\Intel_intel_arc32_arduino_101\CurieSoftwareSerial\SoftwareSerial.cpp.o
                0x40038d78                SoftwareSerial::SoftwareSerial(unsigned long, unsigned long, bool)
                0x40038d78                SoftwareSerial::SoftwareSerial(unsigned long, unsigned long, bool)
 .text._ZN14SoftwareSerial5beginEl
                0x40038dd0       0x90 C:\Users\andre.DESKTOP-IURN3DR\AppData\Local\Temp\VMicroBuilds\BlueToy\Intel_intel_arc32_arduino_101\CurieSoftwareSerial\SoftwareSerial.cpp.o
                0x40038dd0                SoftwareSerial::begin(long)
 .text._ZN11CurieEEPROM5clearEv
                0x40038e60       0x20 C:\Users\andre.DESKTOP-IURN3DR\AppData\Local\Temp\VMicroBuilds\BlueToy\Intel_intel_arc32_arduino_101\CurieEEPROM\CurieEEPROM.cpp.o
                0x40038e60                CurieEEPROM::clear()
 .text._ZN11CurieEEPROM4readEm
                0x40038e80       0x20 C:\Users\andre.DESKTOP-IURN3DR\AppData\Local\Temp\VMicroBuilds\BlueToy\Intel_intel_arc32_arduino_101\CurieEEPROM\CurieEEPROM.cpp.o
                0x40038e80                CurieEEPROM::read(unsigned long)
 .text._ZN11CurieEEPROM5writeEmm
                0x40038ea0       0xd8 C:\Users\andre.DESKTOP-IURN3DR\AppData\Local\Temp\VMicroBuilds\BlueToy\Intel_intel_arc32_arduino_101\CurieEEPROM\CurieEEPROM.cpp.o
                0x40038ea0                CurieEEPROM::write(unsigned long, unsigned long)
 .text._ZN11CurieEEPROM5beginEv
                0x40038f78       0x10 C:\Users\andre.DESKTOP-IURN3DR\AppData\Local\Temp\VMicroBuilds\BlueToy\Intel_intel_arc32_arduino_101\CurieEEPROM\CurieEEPROM.cpp.o
                0x40038f78                CurieEEPROM::begin()
 .text._ZN11CurieEEPROM3endEv
                0x40038f88       0x10 C:\Users\andre.DESKTOP-IURN3DR\AppData\Local\Temp\VMicroBuilds\BlueToy\Intel_intel_arc32_arduino_101\CurieEEPROM\CurieEEPROM.cpp.o
                0x40038f88                CurieEEPROM::end()
 .text._ZN12BLEAttributeC2EPKc16BLEAttributeType
                0x40038f98       0x20 C:\Users\andre.DESKTOP-IURN3DR\AppData\Local\Temp\VMicroBuilds\BlueToy\Intel_intel_arc32_arduino_101\CurieBLE\BLEAttribute.cpp.o
                0x40038f98                BLEAttribute::BLEAttribute(char const*, BLEAttributeType)
                0x40038f98                BLEAttribute::BLEAttribute(char const*, BLEAttributeType)
 .text._ZNK12BLEAttribute4uuidEv
                0x40038fb8       0x10 C:\Users\andre.DESKTOP-IURN3DR\AppData\Local\Temp\VMicroBuilds\BlueToy\Intel_intel_arc32_arduino_101\CurieBLE\BLEAttribute.cpp.o
                0x40038fb8                BLEAttribute::uuid() const
 .text._ZNK12BLEAttribute4typeEv
                0x40038fc8       0x10 C:\Users\andre.DESKTOP-IURN3DR\AppData\Local\Temp\VMicroBuilds\BlueToy\Intel_intel_arc32_arduino_101\CurieBLE\BLEAttribute.cpp.o
                0x40038fc8                BLEAttribute::type() const
 .text._ZN12BLEAttribute6handleEv
                0x40038fd8       0x10 C:\Users\andre.DESKTOP-IURN3DR\AppData\Local\Temp\VMicroBuilds\BlueToy\Intel_intel_arc32_arduino_101\CurieBLE\BLEAttribute.cpp.o
                0x40038fd8                BLEAttribute::handle()
 .text._ZN12BLEAttribute9setHandleEt
                0x40038fe8       0x10 C:\Users\andre.DESKTOP-IURN3DR\AppData\Local\Temp\VMicroBuilds\BlueToy\Intel_intel_arc32_arduino_101\CurieBLE\BLEAttribute.cpp.o
                0x40038fe8                BLEAttribute::setHandle(unsigned short)
 .text._ZNK12BLEAttribute6btUuidEv
                0x40038ff8       0x38 C:\Users\andre.DESKTOP-IURN3DR\AppData\Local\Temp\VMicroBuilds\BlueToy\Intel_intel_arc32_arduino_101\CurieBLE\BLEAttribute.cpp.o
                0x40038ff8                BLEAttribute::btUuid() const
 .text._ZN12BLEAttribute13numAttributesEv
                0x40039030       0x14 C:\Users\andre.DESKTOP-IURN3DR\AppData\Local\Temp\VMicroBuilds\BlueToy\Intel_intel_arc32_arduino_101\CurieBLE\BLEAttribute.cpp.o
                0x40039030                BLEAttribute::numAttributes()
 .text._ZNK10BLECentral7addressEv
                0x40039044       0x9c C:\Users\andre.DESKTOP-IURN3DR\AppData\Local\Temp\VMicroBuilds\BlueToy\Intel_intel_arc32_arduino_101\CurieBLE\BLECentral.cpp.o
                0x40039044                BLECentral::address() const
 .text._ZN10BLECentral10setAddressE10ble_addr_t
                0x400390e0       0x28 C:\Users\andre.DESKTOP-IURN3DR\AppData\Local\Temp\VMicroBuilds\BlueToy\Intel_intel_arc32_arduino_101\CurieBLE\BLECentral.cpp.o
                0x400390e0                BLECentral::setAddress(ble_addr_t)
 .text._ZN10BLECentral12clearAddressEv
                0x40039108       0x14 C:\Users\andre.DESKTOP-IURN3DR\AppData\Local\Temp\VMicroBuilds\BlueToy\Intel_intel_arc32_arduino_101\CurieBLE\BLECentral.cpp.o
                0x40039108                BLECentral::clearAddress()
 .text._ZN10BLECentralC2EP13BLEPeripheral
                0x4003911c       0x10 C:\Users\andre.DESKTOP-IURN3DR\AppData\Local\Temp\VMicroBuilds\BlueToy\Intel_intel_arc32_arduino_101\CurieBLE\BLECentral.cpp.o
                0x4003911c                BLECentral::BLECentral(BLEPeripheral*)
                0x4003911c                BLECentral::BLECentral(BLEPeripheral*)
 .text._ZN17BLECharacteristicD2Ev
                0x4003912c       0x30 C:\Users\andre.DESKTOP-IURN3DR\AppData\Local\Temp\VMicroBuilds\BlueToy\Intel_intel_arc32_arduino_101\CurieBLE\BLECharacteristic.cpp.o
                0x4003912c                BLECharacteristic::~BLECharacteristic()
                0x4003912c                BLECharacteristic::~BLECharacteristic()
 .text._ZN17BLECharacteristicD0Ev
                0x4003915c       0x24 C:\Users\andre.DESKTOP-IURN3DR\AppData\Local\Temp\VMicroBuilds\BlueToy\Intel_intel_arc32_arduino_101\CurieBLE\BLECharacteristic.cpp.o
                0x4003915c                BLECharacteristic::~BLECharacteristic()
 .text._ZN17BLECharacteristicC2EPKcht
                0x40039180       0x68 C:\Users\andre.DESKTOP-IURN3DR\AppData\Local\Temp\VMicroBuilds\BlueToy\Intel_intel_arc32_arduino_101\CurieBLE\BLECharacteristic.cpp.o
                0x40039180                BLECharacteristic::BLECharacteristic(char const*, unsigned char, unsigned short)
                0x40039180                BLECharacteristic::BLECharacteristic(char const*, unsigned char, unsigned short)
 .text._ZNK17BLECharacteristic5valueEv
                0x400391e8       0x10 C:\Users\andre.DESKTOP-IURN3DR\AppData\Local\Temp\VMicroBuilds\BlueToy\Intel_intel_arc32_arduino_101\CurieBLE\BLECharacteristic.cpp.o
                0x400391e8                BLECharacteristic::value() const
 .text._ZNK17BLECharacteristicixEi
                0x400391f8       0x14 C:\Users\andre.DESKTOP-IURN3DR\AppData\Local\Temp\VMicroBuilds\BlueToy\Intel_intel_arc32_arduino_101\CurieBLE\BLECharacteristic.cpp.o
                0x400391f8                BLECharacteristic::operator[](int) const
 .text._ZN17BLECharacteristic15setEventHandlerE22BLECharacteristicEventPFvR10BLECentralRS_E
                0x4003920c       0x34 C:\Users\andre.DESKTOP-IURN3DR\AppData\Local\Temp\VMicroBuilds\BlueToy\Intel_intel_arc32_arduino_101\CurieBLE\BLECharacteristic.cpp.o
                0x4003920c                BLECharacteristic::setEventHandler(BLECharacteristicEvent, void (*)(BLECentral&, BLECharacteristic&))
 .text._ZN17BLECharacteristic3addEt
                0x40039240       0xf4 C:\Users\andre.DESKTOP-IURN3DR\AppData\Local\Temp\VMicroBuilds\BlueToy\Intel_intel_arc32_arduino_101\CurieBLE\BLECharacteristic.cpp.o
                0x40039240                BLECharacteristic::add(unsigned short)
 .text._ZN17BLECharacteristic11valueHandleEv
                0x40039334       0x10 C:\Users\andre.DESKTOP-IURN3DR\AppData\Local\Temp\VMicroBuilds\BlueToy\Intel_intel_arc32_arduino_101\CurieBLE\BLECharacteristic.cpp.o
                0x40039334                BLECharacteristic::valueHandle()
 .text._ZN17BLECharacteristic10cccdHandleEv
                0x40039344       0x10 C:\Users\andre.DESKTOP-IURN3DR\AppData\Local\Temp\VMicroBuilds\BlueToy\Intel_intel_arc32_arduino_101\CurieBLE\BLECharacteristic.cpp.o
                0x40039344                BLECharacteristic::cccdHandle()
 .text._ZN17BLECharacteristic12setCccdValueER10BLECentralt
                0x40039354       0x30 C:\Users\andre.DESKTOP-IURN3DR\AppData\Local\Temp\VMicroBuilds\BlueToy\Intel_intel_arc32_arduino_101\CurieBLE\BLECharacteristic.cpp.o
                0x40039354                BLECharacteristic::setCccdValue(BLECentral&, unsigned short)
 .text._ZN17BLECharacteristic18setUserDescriptionEP13BLEDescriptor
                0x40039384       0x10 C:\Users\andre.DESKTOP-IURN3DR\AppData\Local\Temp\VMicroBuilds\BlueToy\Intel_intel_arc32_arduino_101\CurieBLE\BLECharacteristic.cpp.o
                0x40039384                BLECharacteristic::setUserDescription(BLEDescriptor*)
 .text._ZN17BLECharacteristic21setPresentationFormatEP13BLEDescriptor
                0x40039394       0x10 C:\Users\andre.DESKTOP-IURN3DR\AppData\Local\Temp\VMicroBuilds\BlueToy\Intel_intel_arc32_arduino_101\CurieBLE\BLECharacteristic.cpp.o
                0x40039394                BLECharacteristic::setPresentationFormat(BLEDescriptor*)
 .text._ZN17BLECharacteristic9_setValueEPKht
                0x400393a4       0x30 C:\Users\andre.DESKTOP-IURN3DR\AppData\Local\Temp\VMicroBuilds\BlueToy\Intel_intel_arc32_arduino_101\CurieBLE\BLECharacteristic.cpp.o
                0x400393a4                BLECharacteristic::_setValue(unsigned char const*, unsigned short)
 .text._ZN17BLECharacteristic8setValueER10BLECentralPKht
                0x400393d4       0x40 C:\Users\andre.DESKTOP-IURN3DR\AppData\Local\Temp\VMicroBuilds\BlueToy\Intel_intel_arc32_arduino_101\CurieBLE\BLECharacteristic.cpp.o
                0x400393d4                BLECharacteristic::setValue(BLECentral&, unsigned char const*, unsigned short)
 .text._ZNK13BLEDescriptor5valueEv
                0x40039414       0x10 C:\Users\andre.DESKTOP-IURN3DR\AppData\Local\Temp\VMicroBuilds\BlueToy\Intel_intel_arc32_arduino_101\CurieBLE\BLEDescriptor.cpp.o
                0x40039414                BLEDescriptor::value() const
 .text._ZNK13BLEDescriptor11valueLengthEv
                0x40039424       0x10 C:\Users\andre.DESKTOP-IURN3DR\AppData\Local\Temp\VMicroBuilds\BlueToy\Intel_intel_arc32_arduino_101\CurieBLE\BLEDescriptor.cpp.o
                0x40039424                BLEDescriptor::valueLength() const
 .text._ZN13BLEDescriptor3addEt
                0x40039434       0x70 C:\Users\andre.DESKTOP-IURN3DR\AppData\Local\Temp\VMicroBuilds\BlueToy\Intel_intel_arc32_arduino_101\CurieBLE\BLEDescriptor.cpp.o
                0x40039434                BLEDescriptor::add(unsigned short)
 .text._ZN13BLEPeripheralD2Ev
                0x400394a4       0x20 C:\Users\andre.DESKTOP-IURN3DR\AppData\Local\Temp\VMicroBuilds\BlueToy\Intel_intel_arc32_arduino_101\CurieBLE\BLEPeripheral.cpp.o
                0x400394a4                BLEPeripheral::~BLEPeripheral()
                0x400394a4                BLEPeripheral::~BLEPeripheral()
 .text._ZN13BLEPeripheralD0Ev
                0x400394c4       0x24 C:\Users\andre.DESKTOP-IURN3DR\AppData\Local\Temp\VMicroBuilds\BlueToy\Intel_intel_arc32_arduino_101\CurieBLE\BLEPeripheral.cpp.o
                0x400394c4                BLEPeripheral::~BLEPeripheral()
 .text._ZN13BLEPeripheralC2Ev
                0x400394e8       0x68 C:\Users\andre.DESKTOP-IURN3DR\AppData\Local\Temp\VMicroBuilds\BlueToy\Intel_intel_arc32_arduino_101\CurieBLE\BLEPeripheral.cpp.o
                0x400394e8                BLEPeripheral::BLEPeripheral()
                0x400394e8                BLEPeripheral::BLEPeripheral()
 .text._ZN13BLEPeripheral4pollEv
                0x40039550       0x10 C:\Users\andre.DESKTOP-IURN3DR\AppData\Local\Temp\VMicroBuilds\BlueToy\Intel_intel_arc32_arduino_101\CurieBLE\BLEPeripheral.cpp.o
                0x40039550                BLEPeripheral::poll()
 .text._ZN13BLEPeripheral24setAdvertisedServiceUuidEPKc
                0x40039560       0x10 C:\Users\andre.DESKTOP-IURN3DR\AppData\Local\Temp\VMicroBuilds\BlueToy\Intel_intel_arc32_arduino_101\CurieBLE\BLEPeripheral.cpp.o
                0x40039560                BLEPeripheral::setAdvertisedServiceUuid(char const*)
 .text._ZN13BLEPeripheral12setLocalNameEPKc
                0x40039570       0x10 C:\Users\andre.DESKTOP-IURN3DR\AppData\Local\Temp\VMicroBuilds\BlueToy\Intel_intel_arc32_arduino_101\CurieBLE\BLEPeripheral.cpp.o
                0x40039570                BLEPeripheral::setLocalName(char const*)
 .text._ZN13BLEPeripheral13setDeviceNameEPKc
                0x40039580       0x50 C:\Users\andre.DESKTOP-IURN3DR\AppData\Local\Temp\VMicroBuilds\BlueToy\Intel_intel_arc32_arduino_101\CurieBLE\BLEPeripheral.cpp.o
                0x40039580                BLEPeripheral::setDeviceName(char const*)
 .text._ZN13BLEPeripheral15setEventHandlerE18BLEPeripheralEventPFvR10BLECentralE
                0x400395d0       0x18 C:\Users\andre.DESKTOP-IURN3DR\AppData\Local\Temp\VMicroBuilds\BlueToy\Intel_intel_arc32_arduino_101\CurieBLE\BLEPeripheral.cpp.o
                0x400395d0                BLEPeripheral::setEventHandler(BLEPeripheralEvent, void (*)(BLECentral&))
 .text._ZN13BLEPeripheral12addAttributeER12BLEAttribute
                0x400395e8       0xb8 C:\Users\andre.DESKTOP-IURN3DR\AppData\Local\Temp\VMicroBuilds\BlueToy\Intel_intel_arc32_arduino_101\CurieBLE\BLEPeripheral.cpp.o
                0x400395e8                BLEPeripheral::addAttribute(BLEAttribute&)
 .text._ZN13BLEPeripheral5_initEv
                0x400396a0       0x5c C:\Users\andre.DESKTOP-IURN3DR\AppData\Local\Temp\VMicroBuilds\BlueToy\Intel_intel_arc32_arduino_101\CurieBLE\BLEPeripheral.cpp.o
                0x400396a0                BLEPeripheral::_init()
 .text._ZN13BLEPeripheral12_advDataInitEv
                0x400396fc      0x180 C:\Users\andre.DESKTOP-IURN3DR\AppData\Local\Temp\VMicroBuilds\BlueToy\Intel_intel_arc32_arduino_101\CurieBLE\BLEPeripheral.cpp.o
                0x400396fc                BLEPeripheral::_advDataInit()
 .text._ZN13BLEPeripheral17_startAdvertisingEv
                0x4003987c       0x34 C:\Users\andre.DESKTOP-IURN3DR\AppData\Local\Temp\VMicroBuilds\BlueToy\Intel_intel_arc32_arduino_101\CurieBLE\BLEPeripheral.cpp.o
                0x4003987c                BLEPeripheral::_startAdvertising()
 .text._ZN13BLEPeripheral5beginEv
                0x400398b0       0xfc C:\Users\andre.DESKTOP-IURN3DR\AppData\Local\Temp\VMicroBuilds\BlueToy\Intel_intel_arc32_arduino_101\CurieBLE\BLEPeripheral.cpp.o
                0x400398b0                BLEPeripheral::begin()
 .text._ZN13BLEPeripheral14handleGapEventE22ble_client_gap_event_tP13ble_gap_event
                0x400399ac       0xe4 C:\Users\andre.DESKTOP-IURN3DR\AppData\Local\Temp\VMicroBuilds\BlueToy\Intel_intel_arc32_arduino_101\CurieBLE\BLEPeripheral.cpp.o
                0x400399ac                BLEPeripheral::handleGapEvent(ble_client_gap_event_t, ble_gap_event*)
 .text._Z28blePeripheralGapEventHandler22ble_client_gap_event_tP13ble_gap_eventPv
                0x40039a90       0x18 C:\Users\andre.DESKTOP-IURN3DR\AppData\Local\Temp\VMicroBuilds\BlueToy\Intel_intel_arc32_arduino_101\CurieBLE\BLEPeripheral.cpp.o
                0x40039a90                blePeripheralGapEventHandler(ble_client_gap_event_t, ble_gap_event*, void*)
 .text._ZN13BLEPeripheral16handleGattsEventE24ble_client_gatts_event_tP17ble_gatts_evt_msg
                0x40039aa8       0xa0 C:\Users\andre.DESKTOP-IURN3DR\AppData\Local\Temp\VMicroBuilds\BlueToy\Intel_intel_arc32_arduino_101\CurieBLE\BLEPeripheral.cpp.o
                0x40039aa8                BLEPeripheral::handleGattsEvent(ble_client_gatts_event_t, ble_gatts_evt_msg*)
 .text._Z30blePeripheralGattsEventHandler24ble_client_gatts_event_tP17ble_gatts_evt_msgPv
                0x40039b48       0x18 C:\Users\andre.DESKTOP-IURN3DR\AppData\Local\Temp\VMicroBuilds\BlueToy\Intel_intel_arc32_arduino_101\CurieBLE\BLEPeripheral.cpp.o
                0x40039b48                blePeripheralGattsEventHandler(ble_client_gatts_event_t, ble_gatts_evt_msg*, void*)
 .text._ZN10BLEServiceC2EPKc
                0x40039b60       0x14 C:\Users\andre.DESKTOP-IURN3DR\AppData\Local\Temp\VMicroBuilds\BlueToy\Intel_intel_arc32_arduino_101\CurieBLE\BLEService.cpp.o
                0x40039b60                BLEService::BLEService(char const*)
                0x40039b60                BLEService::BLEService(char const*)
 .text._ZN10BLEService3addEv
                0x40039b74       0x50 C:\Users\andre.DESKTOP-IURN3DR\AppData\Local\Temp\VMicroBuilds\BlueToy\Intel_intel_arc32_arduino_101\CurieBLE\BLEService.cpp.o
                0x40039b74                BLEService::add()
 .text._ZN7BLEUuidC2EPKc
                0x40039bc4       0x8c C:\Users\andre.DESKTOP-IURN3DR\AppData\Local\Temp\VMicroBuilds\BlueToy\Intel_intel_arc32_arduino_101\CurieBLE\BLEUuid.cpp.o
                0x40039bc4                BLEUuid::BLEUuid(char const*)
                0x40039bc4                BLEUuid::BLEUuid(char const*)
 .text._ZNK7BLEUuid4uuidEv
                0x40039c50       0x18 C:\Users\andre.DESKTOP-IURN3DR\AppData\Local\Temp\VMicroBuilds\BlueToy\Intel_intel_arc32_arduino_101\CurieBLE\BLEUuid.cpp.o
                0x40039c50                BLEUuid::uuid() const
 .text.ble_core_client_handle_message
                0x40039c68      0x214 C:\Users\andre.DESKTOP-IURN3DR\AppData\Local\Temp\VMicroBuilds\BlueToy\Intel_intel_arc32_arduino_101\CurieBLE\internal\ble_client.c.o
 .text.ble_client_get_factory_config
                0x40039e7c      0x128 C:\Users\andre.DESKTOP-IURN3DR\AppData\Local\Temp\VMicroBuilds\BlueToy\Intel_intel_arc32_arduino_101\CurieBLE\internal\ble_client.c.o
                0x40039e7c                ble_client_get_factory_config
 .text.ble_client_init
                0x40039fa4       0xec C:\Users\andre.DESKTOP-IURN3DR\AppData\Local\Temp\VMicroBuilds\BlueToy\Intel_intel_arc32_arduino_101\CurieBLE\internal\ble_client.c.o
                0x40039fa4                ble_client_init
 .text.ble_client_gap_set_enable_config
                0x4003a090      0x11c C:\Users\andre.DESKTOP-IURN3DR\AppData\Local\Temp\VMicroBuilds\BlueToy\Intel_intel_arc32_arduino_101\CurieBLE\internal\ble_client.c.o
                0x4003a090                ble_client_gap_set_enable_config
 .text.ble_client_gap_wr_adv_data
                0x4003a1ac       0x78 C:\Users\andre.DESKTOP-IURN3DR\AppData\Local\Temp\VMicroBuilds\BlueToy\Intel_intel_arc32_arduino_101\CurieBLE\internal\ble_client.c.o
                0x4003a1ac                ble_client_gap_wr_adv_data
 .text.ble_client_gap_start_advertise
                0x4003a224       0x4c C:\Users\andre.DESKTOP-IURN3DR\AppData\Local\Temp\VMicroBuilds\BlueToy\Intel_intel_arc32_arduino_101\CurieBLE\internal\ble_client.c.o
                0x4003a224                ble_client_gap_start_advertise
 .text.ble_client_gatts_add_service
                0x4003a270       0x78 C:\Users\andre.DESKTOP-IURN3DR\AppData\Local\Temp\VMicroBuilds\BlueToy\Intel_intel_arc32_arduino_101\CurieBLE\internal\ble_client.c.o
                0x4003a270                ble_client_gatts_add_service
 .text.ble_client_gatts_add_characteristic
                0x4003a2e8       0x78 C:\Users\andre.DESKTOP-IURN3DR\AppData\Local\Temp\VMicroBuilds\BlueToy\Intel_intel_arc32_arduino_101\CurieBLE\internal\ble_client.c.o
                0x4003a2e8                ble_client_gatts_add_characteristic
 .text.ble_client_gatts_add_descriptor
                0x4003a360       0x70 C:\Users\andre.DESKTOP-IURN3DR\AppData\Local\Temp\VMicroBuilds\BlueToy\Intel_intel_arc32_arduino_101\CurieBLE\internal\ble_client.c.o
                0x4003a360                ble_client_gatts_add_descriptor
 .text._ZN12BlueToyClassC2Ev
                0x4003a3d0        0xc C:\Users\andre.DESKTOP-IURN3DR\AppData\Local\Temp\VMicroBuilds\BlueToy\Intel_intel_arc32_arduino_101\BlueToyLib\BlueToyLib.cpp.o
                0x4003a3d0                BlueToyClass::BlueToyClass()
                0x4003a3d0                BlueToyClass::BlueToyClass()
 .text._ZN12BlueToyClass6rotateEi
                0x4003a3dc       0x28 C:\Users\andre.DESKTOP-IURN3DR\AppData\Local\Temp\VMicroBuilds\BlueToy\Intel_intel_arc32_arduino_101\BlueToyLib\BlueToyLib.cpp.o
                0x4003a3dc                BlueToyClass::rotate(int)
 .text._ZN12BlueToyClass15gestureExecutorEm
                0x4003a404      0x440 C:\Users\andre.DESKTOP-IURN3DR\AppData\Local\Temp\VMicroBuilds\BlueToy\Intel_intel_arc32_arduino_101\BlueToyLib\BlueToyLib.cpp.o
                0x4003a404                BlueToyClass::gestureExecutor(unsigned long)
 .text._ZN12BlueToyClass13gestureReaderEPc
                0x4003a844      0x240 C:\Users\andre.DESKTOP-IURN3DR\AppData\Local\Temp\VMicroBuilds\BlueToy\Intel_intel_arc32_arduino_101\BlueToyLib\BlueToyLib.cpp.o
                0x4003a844                BlueToyClass::gestureReader(char*)
 .text._ZN12BlueToyClass5pReadEm
                0x4003aa84       0x64 C:\Users\andre.DESKTOP-IURN3DR\AppData\Local\Temp\VMicroBuilds\BlueToy\Intel_intel_arc32_arduino_101\BlueToyLib\BlueToyLib.cpp.o
                0x4003aa84                BlueToyClass::pRead(unsigned long)
 .text._ZN12BlueToyClass12pReadGesElemEh
                0x4003aae8       0x3c C:\Users\andre.DESKTOP-IURN3DR\AppData\Local\Temp\VMicroBuilds\BlueToy\Intel_intel_arc32_arduino_101\BlueToyLib\BlueToyLib.cpp.o
                0x4003aae8                BlueToyClass::pReadGesElem(unsigned char)
 .text._ZN12BlueToyClass8pReadGesEh
                0x4003ab24       0x54 C:\Users\andre.DESKTOP-IURN3DR\AppData\Local\Temp\VMicroBuilds\BlueToy\Intel_intel_arc32_arduino_101\BlueToyLib\BlueToyLib.cpp.o
                0x4003ab24                BlueToyClass::pReadGes(unsigned char)
 .text._ZN12BlueToyClass9pReadProfEh
                0x4003ab78       0x54 C:\Users\andre.DESKTOP-IURN3DR\AppData\Local\Temp\VMicroBuilds\BlueToy\Intel_intel_arc32_arduino_101\BlueToyLib\BlueToyLib.cpp.o
                0x4003ab78                BlueToyClass::pReadProf(unsigned char)
 .text._ZN12BlueToyClass9pReadLinkEh
                0x4003abcc       0x40 C:\Users\andre.DESKTOP-IURN3DR\AppData\Local\Temp\VMicroBuilds\BlueToy\Intel_intel_arc32_arduino_101\BlueToyLib\BlueToyLib.cpp.o
                0x4003abcc                BlueToyClass::pReadLink(unsigned char)
 .text._ZN11CurieEEPROM3putImEET_mS1_
                0x4003ac0c       0xdc C:\Users\andre.DESKTOP-IURN3DR\AppData\Local\Temp\VMicroBuilds\BlueToy\Intel_intel_arc32_arduino_101\BlueToyLib\BlueToyLib.cpp.o
                0x4003ac0c                unsigned long CurieEEPROM::put<unsigned long>(unsigned long, unsigned long)
 .text._ZN12BlueToyClass6pWriteEmh
                0x4003ace8       0xc4 C:\Users\andre.DESKTOP-IURN3DR\AppData\Local\Temp\VMicroBuilds\BlueToy\Intel_intel_arc32_arduino_101\BlueToyLib\BlueToyLib.cpp.o
                0x4003ace8                BlueToyClass::pWrite(unsigned long, unsigned char)
 .text._ZN12BlueToyClass13pWriteGesElemEhhh
                0x4003adac       0x50 C:\Users\andre.DESKTOP-IURN3DR\AppData\Local\Temp\VMicroBuilds\BlueToy\Intel_intel_arc32_arduino_101\BlueToyLib\BlueToyLib.cpp.o
                0x4003adac                BlueToyClass::pWriteGesElem(unsigned char, unsigned char, unsigned char)
 .text._ZN12BlueToyClass14pUpdateGesElemEhhh
                0x4003adfc       0xb4 C:\Users\andre.DESKTOP-IURN3DR\AppData\Local\Temp\VMicroBuilds\BlueToy\Intel_intel_arc32_arduino_101\BlueToyLib\BlueToyLib.cpp.o
                0x4003adfc                BlueToyClass::pUpdateGesElem(unsigned char, unsigned char, unsigned char)
 .text._ZN12BlueToyClass19gestureElementEmptyEh
                0x4003aeb0       0x14 C:\Users\andre.DESKTOP-IURN3DR\AppData\Local\Temp\VMicroBuilds\BlueToy\Intel_intel_arc32_arduino_101\BlueToyLib\BlueToyLib.cpp.o
                0x4003aeb0                BlueToyClass::gestureElementEmpty(unsigned char)
 .text._ZN12BlueToyClass21processGestureElementE17BLECharacteristic
                0x4003aec4       0xd8 C:\Users\andre.DESKTOP-IURN3DR\AppData\Local\Temp\VMicroBuilds\BlueToy\Intel_intel_arc32_arduino_101\BlueToyLib\BlueToyLib.cpp.o
                0x4003aec4                BlueToyClass::processGestureElement(BLECharacteristic)
 .text._ZN12BlueToyClass9pWriteGesEhhhhhh
                0x4003af9c       0x7c C:\Users\andre.DESKTOP-IURN3DR\AppData\Local\Temp\VMicroBuilds\BlueToy\Intel_intel_arc32_arduino_101\BlueToyLib\BlueToyLib.cpp.o
                0x4003af9c                BlueToyClass::pWriteGes(unsigned char, unsigned char, unsigned char, unsigned char, unsigned char, unsigned char)
 .text._ZN12BlueToyClass10pUpdateGesEhhhhhh
                0x4003b018       0xec C:\Users\andre.DESKTOP-IURN3DR\AppData\Local\Temp\VMicroBuilds\BlueToy\Intel_intel_arc32_arduino_101\BlueToyLib\BlueToyLib.cpp.o
                0x4003b018                BlueToyClass::pUpdateGes(unsigned char, unsigned char, unsigned char, unsigned char, unsigned char, unsigned char)
 .text._ZN12BlueToyClass12gestureEmptyEh
                0x4003b104       0x20 C:\Users\andre.DESKTOP-IURN3DR\AppData\Local\Temp\VMicroBuilds\BlueToy\Intel_intel_arc32_arduino_101\BlueToyLib\BlueToyLib.cpp.o
                0x4003b104                BlueToyClass::gestureEmpty(unsigned char)
 .text._ZN12BlueToyClass14processGestureE17BLECharacteristic
                0x4003b124       0xfc C:\Users\andre.DESKTOP-IURN3DR\AppData\Local\Temp\VMicroBuilds\BlueToy\Intel_intel_arc32_arduino_101\BlueToyLib\BlueToyLib.cpp.o
                0x4003b124                BlueToyClass::processGesture(BLECharacteristic)
 .text._ZN12BlueToyClass10pWriteProfEhhhPc
                0x4003b220       0x9c C:\Users\andre.DESKTOP-IURN3DR\AppData\Local\Temp\VMicroBuilds\BlueToy\Intel_intel_arc32_arduino_101\BlueToyLib\BlueToyLib.cpp.o
                0x4003b220                BlueToyClass::pWriteProf(unsigned char, unsigned char, unsigned char, char*)
 .text._ZN12BlueToyClass11pUpdateProfEhhhPc
                0x4003b2bc      0x128 C:\Users\andre.DESKTOP-IURN3DR\AppData\Local\Temp\VMicroBuilds\BlueToy\Intel_intel_arc32_arduino_101\BlueToyLib\BlueToyLib.cpp.o
                0x4003b2bc                BlueToyClass::pUpdateProf(unsigned char, unsigned char, unsigned char, char*)
 .text._ZN12BlueToyClass13profileModifyEhhhhhhhhhhhhhhh
                0x4003b3e4       0x7c C:\Users\andre.DESKTOP-IURN3DR\AppData\Local\Temp\VMicroBuilds\BlueToy\Intel_intel_arc32_arduino_101\BlueToyLib\BlueToyLib.cpp.o
                0x4003b3e4                BlueToyClass::profileModify(unsigned char, unsigned char, unsigned char, unsigned char, unsigned char, unsigned char, unsigned char, unsigned char, unsigned char, unsigned char, unsigned char, unsigned char, unsigned char, unsigned char, unsigned char)
 .text._ZN12BlueToyClass12profileEmptyEh
                0x4003b460       0x54 C:\Users\andre.DESKTOP-IURN3DR\AppData\Local\Temp\VMicroBuilds\BlueToy\Intel_intel_arc32_arduino_101\BlueToyLib\BlueToyLib.cpp.o
                0x4003b460                BlueToyClass::profileEmpty(unsigned char)
 .text._ZN12BlueToyClass14processProfileE17BLECharacteristic
                0x4003b4b4      0x1bc C:\Users\andre.DESKTOP-IURN3DR\AppData\Local\Temp\VMicroBuilds\BlueToy\Intel_intel_arc32_arduino_101\BlueToyLib\BlueToyLib.cpp.o
                0x4003b4b4                BlueToyClass::processProfile(BLECharacteristic)
 .text._ZN12BlueToyClass10pWriteLinkEhhh
                0x4003b670       0x58 C:\Users\andre.DESKTOP-IURN3DR\AppData\Local\Temp\VMicroBuilds\BlueToy\Intel_intel_arc32_arduino_101\BlueToyLib\BlueToyLib.cpp.o
                0x4003b670                BlueToyClass::pWriteLink(unsigned char, unsigned char, unsigned char)
 .text._ZN12BlueToyClass10memoryInitEv
                0x4003b6c8      0x304 C:\Users\andre.DESKTOP-IURN3DR\AppData\Local\Temp\VMicroBuilds\BlueToy\Intel_intel_arc32_arduino_101\BlueToyLib\BlueToyLib.cpp.o
                0x4003b6c8                BlueToyClass::memoryInit()
 .text._ZN12BlueToyClass11pUpdateLinkEhhh
                0x4003b9cc       0xac C:\Users\andre.DESKTOP-IURN3DR\AppData\Local\Temp\VMicroBuilds\BlueToy\Intel_intel_arc32_arduino_101\BlueToyLib\BlueToyLib.cpp.o
                0x4003b9cc                BlueToyClass::pUpdateLink(unsigned char, unsigned char, unsigned char)
 .text._ZN12BlueToyClass9linkEmptyEh
                0x4003ba78       0x14 C:\Users\andre.DESKTOP-IURN3DR\AppData\Local\Temp\VMicroBuilds\BlueToy\Intel_intel_arc32_arduino_101\BlueToyLib\BlueToyLib.cpp.o
                0x4003ba78                BlueToyClass::linkEmpty(unsigned char)
 .text._ZN12BlueToyClass11processLinkE17BLECharacteristic
                0x4003ba8c       0xd8 C:\Users\andre.DESKTOP-IURN3DR\AppData\Local\Temp\VMicroBuilds\BlueToy\Intel_intel_arc32_arduino_101\BlueToyLib\BlueToyLib.cpp.o
                0x4003ba8c                BlueToyClass::processLink(BLECharacteristic)
 .text._ZN12BlueToyClass14processMessageE17BLECharacteristici
                0x4003bb64       0xc8 C:\Users\andre.DESKTOP-IURN3DR\AppData\Local\Temp\VMicroBuilds\BlueToy\Intel_intel_arc32_arduino_101\BlueToyLib\BlueToyLib.cpp.o
                0x4003bb64                BlueToyClass::processMessage(BLECharacteristic, int)
 .text._ZN16VisualMicroDebug14outPacketStartEb
                0x4003bc2c       0x3c C:\Users\andre.DESKTOP-IURN3DR\AppData\Local\Temp\VMicroBuilds\BlueToy\Intel_intel_arc32_arduino_101\VM_DBG\VM_DBG.cpp.o
                0x4003bc2c                VisualMicroDebug::outPacketStart(bool)
 .text._ZN16VisualMicroDebug14outPacketStartEv
                0x4003bc68       0x10 C:\Users\andre.DESKTOP-IURN3DR\AppData\Local\Temp\VMicroBuilds\BlueToy\Intel_intel_arc32_arduino_101\VM_DBG\VM_DBG.cpp.o
                0x4003bc68                VisualMicroDebug::outPacketStart()
 .text._ZN16VisualMicroDebug4initEm
                0x4003bc78       0x20 C:\Users\andre.DESKTOP-IURN3DR\AppData\Local\Temp\VMicroBuilds\BlueToy\Intel_intel_arc32_arduino_101\VM_DBG\VM_DBG.cpp.o
                0x4003bc78                VisualMicroDebug::init(unsigned long)
 .text._ZN16VisualMicroDebug5beginEP14CDCSerialClassm
                0x4003bc98       0x48 C:\Users\andre.DESKTOP-IURN3DR\AppData\Local\Temp\VMicroBuilds\BlueToy\Intel_intel_arc32_arduino_101\VM_DBG\VM_DBG.cpp.o
                0x4003bc98                VisualMicroDebug::begin(CDCSerialClass*, unsigned long)
 .text._ZN16VisualMicroDebug16sendContinuedACKEh
                0x4003bce0       0x48 C:\Users\andre.DESKTOP-IURN3DR\AppData\Local\Temp\VMicroBuilds\BlueToy\Intel_intel_arc32_arduino_101\VM_DBG\VM_DBG.cpp.o
                0x4003bce0                VisualMicroDebug::sendContinuedACK(unsigned char)
 .text._ZN16VisualMicroDebug9breakWaitEh
                0x4003bd28       0x6c C:\Users\andre.DESKTOP-IURN3DR\AppData\Local\Temp\VMicroBuilds\BlueToy\Intel_intel_arc32_arduino_101\VM_DBG\VM_DBG.cpp.o
                0x4003bd28                VisualMicroDebug::breakWait(unsigned char)
 .text._ZN16VisualMicroDebug5startEbb
                0x4003bd94       0x2c C:\Users\andre.DESKTOP-IURN3DR\AppData\Local\Temp\VMicroBuilds\BlueToy\Intel_intel_arc32_arduino_101\VM_DBG\VM_DBG.cpp.o
                0x4003bd94                VisualMicroDebug::start(bool, bool)
 .text.attachInterrupt
                0x4003bdc0       0xc4 C:\Users\andre.DESKTOP-IURN3DR\AppData\Local\Temp\VMicroBuilds\BlueToy\Intel_intel_arc32_arduino_101/core.a(WInterrupts.c.o)
                0x4003bdc0                attachInterrupt
 .text.detachInterrupt
                0x4003be84       0x38 C:\Users\andre.DESKTOP-IURN3DR\AppData\Local\Temp\VMicroBuilds\BlueToy\Intel_intel_arc32_arduino_101/core.a(WInterrupts.c.o)
                0x4003be84                detachInterrupt
 .text.interrupts
                0x4003bebc       0x2c C:\Users\andre.DESKTOP-IURN3DR\AppData\Local\Temp\VMicroBuilds\BlueToy\Intel_intel_arc32_arduino_101/core.a(WInterrupts.c.o)
                0x4003bebc                interrupts
 .text.noInterrupts
                0x4003bee8       0x2c C:\Users\andre.DESKTOP-IURN3DR\AppData\Local\Temp\VMicroBuilds\BlueToy\Intel_intel_arc32_arduino_101/core.a(WInterrupts.c.o)
                0x4003bee8                noInterrupts
 .text.delay    0x4003bf14       0xc4 C:\Users\andre.DESKTOP-IURN3DR\AppData\Local\Temp\VMicroBuilds\BlueToy\Intel_intel_arc32_arduino_101/core.a(wiring.c.o)
                0x4003bf14                delay
 .text.millis   0x4003bfd8       0x40 C:\Users\andre.DESKTOP-IURN3DR\AppData\Local\Temp\VMicroBuilds\BlueToy\Intel_intel_arc32_arduino_101/core.a(wiring.c.o)
                0x4003bfd8                millis
 .text.analogWrite
                0x4003c018      0x13c C:\Users\andre.DESKTOP-IURN3DR\AppData\Local\Temp\VMicroBuilds\BlueToy\Intel_intel_arc32_arduino_101/core.a(wiring_analog.c.o)
                0x4003c018                analogWrite
 .text.pinMode  0x4003c154       0xf0 C:\Users\andre.DESKTOP-IURN3DR\AppData\Local\Temp\VMicroBuilds\BlueToy\Intel_intel_arc32_arduino_101/core.a(wiring_digital.c.o)
                0x4003c154                pinMode
 .text.digitalWrite
                0x4003c244       0xb0 C:\Users\andre.DESKTOP-IURN3DR\AppData\Local\Temp\VMicroBuilds\BlueToy\Intel_intel_arc32_arduino_101/core.a(wiring_digital.c.o)
                0x4003c244                digitalWrite
 .text.digitalRead
                0x4003c2f4       0x54 C:\Users\andre.DESKTOP-IURN3DR\AppData\Local\Temp\VMicroBuilds\BlueToy\Intel_intel_arc32_arduino_101/core.a(wiring_digital.c.o)
                0x4003c2f4                digitalRead
 .text._ZN14CDCSerialClass3endEv
                0x4003c348       0x14 C:\Users\andre.DESKTOP-IURN3DR\AppData\Local\Temp\VMicroBuilds\BlueToy\Intel_intel_arc32_arduino_101/core.a(CDCSerialClass.cpp.o)
                0x4003c348                CDCSerialClass::end()
 .text._ZN14CDCSerialClass4peekEv
                0x4003c35c       0x28 C:\Users\andre.DESKTOP-IURN3DR\AppData\Local\Temp\VMicroBuilds\BlueToy\Intel_intel_arc32_arduino_101/core.a(CDCSerialClass.cpp.o)
                0x4003c35c                CDCSerialClass::peek()
 .text._ZN14CDCSerialClass4readEv
                0x4003c384       0x48 C:\Users\andre.DESKTOP-IURN3DR\AppData\Local\Temp\VMicroBuilds\BlueToy\Intel_intel_arc32_arduino_101/core.a(CDCSerialClass.cpp.o)
                0x4003c384                CDCSerialClass::read()
 .text._ZN14CDCSerialClasscvbEv
                0x4003c3cc       0x30 C:\Users\andre.DESKTOP-IURN3DR\AppData\Local\Temp\VMicroBuilds\BlueToy\Intel_intel_arc32_arduino_101/core.a(CDCSerialClass.cpp.o)
                0x4003c3cc                CDCSerialClass::operator bool()
 .text._ZN14CDCSerialClass5flushEv
                0x4003c3fc       0x2c C:\Users\andre.DESKTOP-IURN3DR\AppData\Local\Temp\VMicroBuilds\BlueToy\Intel_intel_arc32_arduino_101/core.a(CDCSerialClass.cpp.o)
                0x4003c3fc                CDCSerialClass::flush()
 .text._ZN14CDCSerialClass9availableEv
                0x4003c428       0x40 C:\Users\andre.DESKTOP-IURN3DR\AppData\Local\Temp\VMicroBuilds\BlueToy\Intel_intel_arc32_arduino_101/core.a(CDCSerialClass.cpp.o)
                0x4003c428                CDCSerialClass::available()
 .text._ZN14CDCSerialClass5writeEh
                0x4003c468       0x50 C:\Users\andre.DESKTOP-IURN3DR\AppData\Local\Temp\VMicroBuilds\BlueToy\Intel_intel_arc32_arduino_101/core.a(CDCSerialClass.cpp.o)
                0x4003c468                CDCSerialClass::write(unsigned char)
 .text._ZN14CDCSerialClassC2EP14uart_init_info
                0x4003c4b8       0x20 C:\Users\andre.DESKTOP-IURN3DR\AppData\Local\Temp\VMicroBuilds\BlueToy\Intel_intel_arc32_arduino_101/core.a(CDCSerialClass.cpp.o)
                0x4003c4b8                CDCSerialClass::CDCSerialClass(uart_init_info*)
                0x4003c4b8                CDCSerialClass::CDCSerialClass(uart_init_info*)
 .text._ZN14CDCSerialClass13setSharedDataEP19cdc_acm_shared_data
                0x4003c4d8       0x18 C:\Users\andre.DESKTOP-IURN3DR\AppData\Local\Temp\VMicroBuilds\BlueToy\Intel_intel_arc32_arduino_101/core.a(CDCSerialClass.cpp.o)
                0x4003c4d8                CDCSerialClass::setSharedData(cdc_acm_shared_data*)
 .text._ZN14CDCSerialClass4initEmh
                0x4003c4f0       0x28 C:\Users\andre.DESKTOP-IURN3DR\AppData\Local\Temp\VMicroBuilds\BlueToy\Intel_intel_arc32_arduino_101/core.a(CDCSerialClass.cpp.o)
                0x4003c4f0                CDCSerialClass::init(unsigned long, unsigned char)
 .text._ZN14CDCSerialClass5beginEm
                0x4003c518       0x10 C:\Users\andre.DESKTOP-IURN3DR\AppData\Local\Temp\VMicroBuilds\BlueToy\Intel_intel_arc32_arduino_101/core.a(CDCSerialClass.cpp.o)
                0x4003c518                CDCSerialClass::begin(unsigned long)
 .text.main     0x4003c528       0x28 C:\Users\andre.DESKTOP-IURN3DR\AppData\Local\Temp\VMicroBuilds\BlueToy\Intel_intel_arc32_arduino_101/core.a(main.cpp.o)
                0x4003c528                main
 .text._Znaj    0x4003c550       0x10 C:\Users\andre.DESKTOP-IURN3DR\AppData\Local\Temp\VMicroBuilds\BlueToy\Intel_intel_arc32_arduino_101/core.a(new.cpp.o)
                0x4003c550                operator new[](unsigned int)
 .text._ZdlPv   0x4003c560       0x10 C:\Users\andre.DESKTOP-IURN3DR\AppData\Local\Temp\VMicroBuilds\BlueToy\Intel_intel_arc32_arduino_101/core.a(new.cpp.o)
                0x4003c560                operator delete(void*)
 .text._ZN5Print5writeEPKhj
                0x4003c570       0x38 C:\Users\andre.DESKTOP-IURN3DR\AppData\Local\Temp\VMicroBuilds\BlueToy\Intel_intel_arc32_arduino_101/core.a(Print.cpp.o)
                0x4003c570                Print::write(unsigned char const*, unsigned int)
 .text._ZN5Print5writeEPKc
                0x4003c5a8       0x44 C:\Users\andre.DESKTOP-IURN3DR\AppData\Local\Temp\VMicroBuilds\BlueToy\Intel_intel_arc32_arduino_101/core.a(Print.cpp.o)
                0x4003c5a8                Print::write(char const*)
 .text._ZN5Print5printEPKc
                0x4003c5ec       0x10 C:\Users\andre.DESKTOP-IURN3DR\AppData\Local\Temp\VMicroBuilds\BlueToy\Intel_intel_arc32_arduino_101/core.a(Print.cpp.o)
                0x4003c5ec                Print::print(char const*)
 .text._ZN5Print5printEc
                0x4003c5fc       0x14 C:\Users\andre.DESKTOP-IURN3DR\AppData\Local\Temp\VMicroBuilds\BlueToy\Intel_intel_arc32_arduino_101/core.a(Print.cpp.o)
                0x4003c5fc                Print::print(char)
 .text._ZN5Print7printlnEv
                0x4003c610       0x2c C:\Users\andre.DESKTOP-IURN3DR\AppData\Local\Temp\VMicroBuilds\BlueToy\Intel_intel_arc32_arduino_101/core.a(Print.cpp.o)
                0x4003c610                Print::println()
 .text._ZN5Print7printlnEPKc
                0x4003c63c       0x28 C:\Users\andre.DESKTOP-IURN3DR\AppData\Local\Temp\VMicroBuilds\BlueToy\Intel_intel_arc32_arduino_101/core.a(Print.cpp.o)
                0x4003c63c                Print::println(char const*)
 .text._ZN5Print7printlnEc
                0x4003c664       0x2c C:\Users\andre.DESKTOP-IURN3DR\AppData\Local\Temp\VMicroBuilds\BlueToy\Intel_intel_arc32_arduino_101/core.a(Print.cpp.o)
                0x4003c664                Print::println(char)
 .text._ZN5Print11printNumberEmh
                0x4003c690       0x68 C:\Users\andre.DESKTOP-IURN3DR\AppData\Local\Temp\VMicroBuilds\BlueToy\Intel_intel_arc32_arduino_101/core.a(Print.cpp.o)
                0x4003c690                Print::printNumber(unsigned long, unsigned char)
 .text._ZN5Print5printEmi
                0x4003c6f8       0x20 C:\Users\andre.DESKTOP-IURN3DR\AppData\Local\Temp\VMicroBuilds\BlueToy\Intel_intel_arc32_arduino_101/core.a(Print.cpp.o)
                0x4003c6f8                Print::print(unsigned long, int)
 .text._ZN5Print5printEhi
                0x4003c718       0x10 C:\Users\andre.DESKTOP-IURN3DR\AppData\Local\Temp\VMicroBuilds\BlueToy\Intel_intel_arc32_arduino_101/core.a(Print.cpp.o)
                0x4003c718                Print::print(unsigned char, int)
 .text._ZN5Print7printlnEhi
                0x4003c728       0x2c C:\Users\andre.DESKTOP-IURN3DR\AppData\Local\Temp\VMicroBuilds\BlueToy\Intel_intel_arc32_arduino_101/core.a(Print.cpp.o)
                0x4003c728                Print::println(unsigned char, int)
 .text._ZN5Print7printlnEmi
                0x4003c754       0x28 C:\Users\andre.DESKTOP-IURN3DR\AppData\Local\Temp\VMicroBuilds\BlueToy\Intel_intel_arc32_arduino_101/core.a(Print.cpp.o)
                0x4003c754                Print::println(unsigned long, int)
 .text._ZN5Print13printLongLongEyh
                0x4003c77c       0x7c C:\Users\andre.DESKTOP-IURN3DR\AppData\Local\Temp\VMicroBuilds\BlueToy\Intel_intel_arc32_arduino_101/core.a(Print.cpp.o)
                0x4003c77c                Print::printLongLong(unsigned long long, unsigned char)
 .text._ZN5Print5printEyi